[2026-08-06T09:39:46.135+0000] {local_task_job_runner.py:120} INFO - ::group::Pre task execution logs
[2026-08-06T09:39:46.206+0000] {taskinstance.py:2076} INFO - Dependencies all met for dep_context=non-requeueable deps ti=<TaskInstance: fraud_pipeline_dbt_orchestration.dbt_run manual__2026-08-06T09:39:43.307040+00:00 [queued]>
[2026-08-06T09:39:46.223+0000] {taskinstance.py:2076} INFO - Dependencies all met for dep_context=requeueable deps ti=<TaskInstance: fraud_pipeline_dbt_orchestration.dbt_run manual__2026-08-06T09:39:43.307040+00:00 [queued]>
[2026-08-06T09:39:46.224+0000] {taskinstance.py:2306} INFO - Starting attempt 1 of 3
[2026-08-06T09:39:46.250+0000] {taskinstance.py:2330} INFO - Executing <Task(BashOperator): dbt_run> on 2026-08-06 09:39:43.307040+00:00
[2026-08-06T09:39:46.263+0000] {standard_task_runner.py:90} INFO - Running: ['***', 'tasks', 'run', 'fraud_pipeline_dbt_orchestration', 'dbt_run', 'manual__2026-08-06T09:39:43.307040+00:00', '--job-id', '52', '--raw', '--subdir', 'DAGS_FOLDER/fraud_dbt_dag.py', '--cfg-path', '/tmp/tmpypfbmxl_']
[2026-08-06T09:39:46.278+0000] {standard_task_runner.py:91} INFO - Job 52: Subtask dbt_run
[2026-08-06T09:39:46.278+0000] {logging_mixin.py:188} WARNING - /home/***/.local/lib/python3.12/site-packages/***/task/task_runner/standard_task_runner.py:62 DeprecationWarning: This process (pid=511) is multi-threaded, use of fork() may lead to deadlocks in the child.
[2026-08-06T09:39:46.279+0000] {standard_task_runner.py:64} INFO - Started process 512 to run task
[2026-08-06T09:39:46.360+0000] {task_command.py:426} INFO - Running <TaskInstance: fraud_pipeline_dbt_orchestration.dbt_run manual__2026-08-06T09:39:43.307040+00:00 [running]> on host c17a5fd5dbf1
[2026-08-06T09:39:46.553+0000] {taskinstance.py:2648} INFO - Exporting env vars: AIRFLOW_CTX_DAG_OWNER='given' AIRFLOW_CTX_DAG_ID='fraud_pipeline_dbt_orchestration' AIRFLOW_CTX_TASK_ID='dbt_run' AIRFLOW_CTX_EXECUTION_DATE='2026-08-06T09:39:43.307040+00:00' AIRFLOW_CTX_TRY_NUMBER='1' AIRFLOW_CTX_DAG_RUN_ID='manual__2026-08-06T09:39:43.307040+00:00'
[2026-08-06T09:39:46.554+0000] {taskinstance.py:430} INFO - ::endgroup::
[2026-08-06T09:39:46.582+0000] {subprocess.py:63} INFO - Tmp dir root location: /tmp
[2026-08-06T09:39:46.584+0000] {subprocess.py:75} INFO - Running command: ['/usr/bin/bash', '-c', 'dbt run --project-dir /opt/***/dbt --profiles-dir /opt/***/dbt --target docker']
[2026-08-06T09:39:46.601+0000] {subprocess.py:86} INFO - Output:
[2026-08-06T09:39:50.016+0000] {subprocess.py:93} INFO - [0m09:39:50  Running with dbt=1.8.2
[2026-08-06T09:39:50.485+0000] {subprocess.py:93} INFO - [0m09:39:50  Registered adapter: postgres=1.8.2
[2026-08-06T09:39:51.239+0000] {subprocess.py:93} INFO - [0m09:39:51  Found 2 models, 428 macros
[2026-08-06T09:39:51.243+0000] {subprocess.py:93} INFO - [0m09:39:51
[2026-08-06T09:39:51.422+0000] {subprocess.py:93} INFO - [0m09:39:51  Concurrency: 4 threads (target='docker')
[2026-08-06T09:39:51.423+0000] {subprocess.py:93} INFO - [0m09:39:51
[2026-08-06T09:39:51.444+0000] {subprocess.py:93} INFO - [0m09:39:51  1 of 2 START sql view model public.stg_transactions ............................ [RUN]
[2026-08-06T09:39:51.625+0000] {subprocess.py:93} INFO - [0m09:39:51  1 of 2 OK created sql view model public.stg_transactions ....................... [[32mCREATE VIEW[0m in 0.18s]
[2026-08-06T09:39:51.630+0000] {subprocess.py:93} INFO - [0m09:39:51  2 of 2 START sql table model public.fraud_summary_daily ........................ [RUN]
[2026-08-06T09:39:51.741+0000] {subprocess.py:93} INFO - [0m09:39:51  2 of 2 OK created sql table model public.fraud_summary_daily ................... [[32mSELECT 261[0m in 0.11s]
[2026-08-06T09:39:51.763+0000] {subprocess.py:93} INFO - [0m09:39:51
[2026-08-06T09:39:51.764+0000] {subprocess.py:93} INFO - [0m09:39:51  Finished running 1 view model, 1 table model in 0 hours 0 minutes and 0.52 seconds (0.52s).
[2026-08-06T09:39:51.801+0000] {subprocess.py:93} INFO - [0m09:39:51
[2026-08-06T09:39:51.801+0000] {subprocess.py:93} INFO - [0m09:39:51  [32mCompleted successfully[0m
[2026-08-06T09:39:51.802+0000] {subprocess.py:93} INFO - [0m09:39:51
[2026-08-06T09:39:51.802+0000] {subprocess.py:93} INFO - [0m09:39:51  Done. PASS=2 WARN=0 ERROR=0 SKIP=0 TOTAL=2
[2026-08-06T09:39:53.773+0000] {subprocess.py:97} INFO - Command exited with return code 0
[2026-08-06T09:39:53.774+0000] {taskinstance.py:441} INFO - ::group::Post task execution logs
[2026-08-06T09:39:53.825+0000] {taskinstance.py:1206} INFO - Marking task as SUCCESS. dag_id=fraud_pipeline_dbt_orchestration, task_id=dbt_run, run_id=manual__2026-08-06T09:39:43.307040+00:00, execution_date=20260806T093943, start_date=20260806T093946, end_date=20260806T093953
[2026-08-06T09:39:53.905+0000] {local_task_job_runner.py:243} INFO - Task exited with return code 0
[2026-08-06T09:39:53.943+0000] {taskinstance.py:3503} INFO - 1 downstream tasks scheduled from follow-on schedule check
[2026-08-06T09:39:53.946+0000] {local_task_job_runner.py:222} INFO - ::endgroup::
