[2026-08-06T08:29:59.353+0000] {local_task_job_runner.py:120} INFO - ::group::Pre task execution logs
[2026-08-06T08:29:59.433+0000] {taskinstance.py:2076} INFO - Dependencies all met for dep_context=non-requeueable deps ti=<TaskInstance: fraud_pipeline_dbt_orchestration.dbt_run scheduled__2026-08-06T08:00:00+00:00 [queued]>
[2026-08-06T08:29:59.457+0000] {taskinstance.py:2076} INFO - Dependencies all met for dep_context=requeueable deps ti=<TaskInstance: fraud_pipeline_dbt_orchestration.dbt_run scheduled__2026-08-06T08:00:00+00:00 [queued]>
[2026-08-06T08:29:59.457+0000] {taskinstance.py:2306} INFO - Starting attempt 3 of 3
[2026-08-06T08:29:59.497+0000] {taskinstance.py:2330} INFO - Executing <Task(BashOperator): dbt_run> on 2026-08-06 08:00:00+00:00
[2026-08-06T08:29:59.515+0000] {standard_task_runner.py:90} INFO - Running: ['***', 'tasks', 'run', 'fraud_pipeline_dbt_orchestration', 'dbt_run', 'scheduled__2026-08-06T08:00:00+00:00', '--job-id', '5', '--raw', '--subdir', 'DAGS_FOLDER/fraud_dbt_dag.py', '--cfg-path', '/tmp/tmp6i0w1rof']
[2026-08-06T08:29:59.521+0000] {standard_task_runner.py:91} INFO - Job 5: Subtask dbt_run
[2026-08-06T08:29:59.521+0000] {logging_mixin.py:188} WARNING - /home/***/.local/lib/python3.12/site-packages/***/task/task_runner/standard_task_runner.py:62 DeprecationWarning: This process (pid=438) is multi-threaded, use of fork() may lead to deadlocks in the child.
[2026-08-06T08:29:59.522+0000] {standard_task_runner.py:64} INFO - Started process 439 to run task
[2026-08-06T08:29:59.657+0000] {task_command.py:426} INFO - Running <TaskInstance: fraud_pipeline_dbt_orchestration.dbt_run scheduled__2026-08-06T08:00:00+00:00 [running]> on host 21877d08a1cd
[2026-08-06T08:29:59.867+0000] {taskinstance.py:2648} INFO - Exporting env vars: AIRFLOW_CTX_DAG_OWNER='given' AIRFLOW_CTX_DAG_ID='fraud_pipeline_dbt_orchestration' AIRFLOW_CTX_TASK_ID='dbt_run' AIRFLOW_CTX_EXECUTION_DATE='2026-08-06T08:00:00+00:00' AIRFLOW_CTX_TRY_NUMBER='3' AIRFLOW_CTX_DAG_RUN_ID='scheduled__2026-08-06T08:00:00+00:00'
[2026-08-06T08:29:59.868+0000] {taskinstance.py:430} INFO - ::endgroup::
[2026-08-06T08:29:59.908+0000] {subprocess.py:63} INFO - Tmp dir root location: /tmp
[2026-08-06T08:29:59.911+0000] {subprocess.py:75} INFO - Running command: ['/usr/bin/bash', '-c', 'dbt run --project-dir /opt/***/dbt --profiles-dir /opt/***/dbt --target docker']
[2026-08-06T08:29:59.934+0000] {subprocess.py:86} INFO - Output:
[2026-08-06T08:29:59.973+0000] {subprocess.py:93} INFO - Failed to open log file for append: Permission denied (os error 13)
[2026-08-06T08:29:59.974+0000] {subprocess.py:93} INFO - 
[2026-08-06T08:29:59.975+0000] {subprocess.py:93} INFO - For more information, try ' --help'.
[2026-08-06T08:29:59.976+0000] {subprocess.py:97} INFO - Command exited with return code 1
[2026-08-06T08:29:59.977+0000] {taskinstance.py:441} INFO - ::group::Post task execution logs
[2026-08-06T08:30:00.024+0000] {taskinstance.py:2905} ERROR - Task failed with exception
Traceback (most recent call last):
  File "/home/airflow/.local/lib/python3.12/site-packages/airflow/models/taskinstance.py", line 465, in _execute_task
    result = _execute_callable(context=context, **execute_callable_kwargs)
             ^^^^^^^^^^^^^^^^^^^^^^^^^^^^^^^^^^^^^^^^^^^^^^^^^^^^^^^^^^^^^
  File "/home/airflow/.local/lib/python3.12/site-packages/airflow/models/taskinstance.py", line 432, in _execute_callable
    return execute_callable(context=context, **execute_callable_kwargs)
           ^^^^^^^^^^^^^^^^^^^^^^^^^^^^^^^^^^^^^^^^^^^^^^^^^^^^^^^^^^^^
  File "/home/airflow/.local/lib/python3.12/site-packages/airflow/models/baseoperator.py", line 401, in wrapper
    return func(self, *args, **kwargs)
           ^^^^^^^^^^^^^^^^^^^^^^^^^^^
  File "/home/airflow/.local/lib/python3.12/site-packages/airflow/operators/bash.py", line 243, in execute
    raise AirflowException(
airflow.exceptions.AirflowException: Bash command failed. The command returned a non-zero exit code 1.
[2026-08-06T08:30:00.045+0000] {taskinstance.py:1206} INFO - Marking task as FAILED. dag_id=fraud_pipeline_dbt_orchestration, task_id=dbt_run, run_id=scheduled__2026-08-06T08:00:00+00:00, execution_date=20260806T080000, start_date=20260806T082959, end_date=20260806T083000
[2026-08-06T08:30:00.074+0000] {standard_task_runner.py:110} ERROR - Failed to execute job 5 for task dbt_run (Bash command failed. The command returned a non-zero exit code 1.; 439)
[2026-08-06T08:30:00.102+0000] {local_task_job_runner.py:243} INFO - Task exited with return code 1
[2026-08-06T08:30:00.150+0000] {taskinstance.py:3503} INFO - 0 downstream tasks scheduled from follow-on schedule check
[2026-08-06T08:30:00.160+0000] {local_task_job_runner.py:222} INFO - ::endgroup::
