[2026-08-06T09:36:21.405+0000] {local_task_job_runner.py:120} INFO - ::group::Pre task execution logs
[2026-08-06T09:36:21.458+0000] {taskinstance.py:2076} INFO - Dependencies all met for dep_context=non-requeueable deps ti=<TaskInstance: fraud_pipeline_dbt_orchestration.dbt_run manual__2026-08-06T09:34:55.910556+00:00 [queued]>
[2026-08-06T09:36:21.475+0000] {taskinstance.py:2076} INFO - Dependencies all met for dep_context=requeueable deps ti=<TaskInstance: fraud_pipeline_dbt_orchestration.dbt_run manual__2026-08-06T09:34:55.910556+00:00 [queued]>
[2026-08-06T09:36:21.476+0000] {taskinstance.py:2306} INFO - Starting attempt 1 of 3
[2026-08-06T09:36:21.505+0000] {taskinstance.py:2330} INFO - Executing <Task(BashOperator): dbt_run> on 2026-08-06 09:34:55.910556+00:00
[2026-08-06T09:36:21.520+0000] {standard_task_runner.py:90} INFO - Running: ['***', 'tasks', 'run', 'fraud_pipeline_dbt_orchestration', 'dbt_run', 'manual__2026-08-06T09:34:55.910556+00:00', '--job-id', '46', '--raw', '--subdir', 'DAGS_FOLDER/fraud_dbt_dag.py', '--cfg-path', '/tmp/tmpxow_nc5z']
[2026-08-06T09:36:21.523+0000] {standard_task_runner.py:91} INFO - Job 46: Subtask dbt_run
[2026-08-06T09:36:21.524+0000] {logging_mixin.py:188} WARNING - /home/***/.local/lib/python3.12/site-packages/***/task/task_runner/standard_task_runner.py:62 DeprecationWarning: This process (pid=434) is multi-threaded, use of fork() may lead to deadlocks in the child.
[2026-08-06T09:36:21.525+0000] {standard_task_runner.py:64} INFO - Started process 435 to run task
[2026-08-06T09:36:21.626+0000] {task_command.py:426} INFO - Running <TaskInstance: fraud_pipeline_dbt_orchestration.dbt_run manual__2026-08-06T09:34:55.910556+00:00 [running]> on host c17a5fd5dbf1
[2026-08-06T09:36:21.861+0000] {taskinstance.py:2648} INFO - Exporting env vars: AIRFLOW_CTX_DAG_OWNER='given' AIRFLOW_CTX_DAG_ID='fraud_pipeline_dbt_orchestration' AIRFLOW_CTX_TASK_ID='dbt_run' AIRFLOW_CTX_EXECUTION_DATE='2026-08-06T09:34:55.910556+00:00' AIRFLOW_CTX_TRY_NUMBER='1' AIRFLOW_CTX_DAG_RUN_ID='manual__2026-08-06T09:34:55.910556+00:00'
[2026-08-06T09:36:21.863+0000] {taskinstance.py:430} INFO - ::endgroup::
[2026-08-06T09:36:21.890+0000] {subprocess.py:63} INFO - Tmp dir root location: /tmp
[2026-08-06T09:36:21.892+0000] {subprocess.py:75} INFO - Running command: ['/usr/bin/bash', '-c', 'dbt run --project-dir /opt/***/dbt --profiles-dir /opt/***/dbt --target docker']
[2026-08-06T09:36:21.913+0000] {subprocess.py:86} INFO - Output:
[2026-08-06T09:36:25.695+0000] {subprocess.py:93} INFO - [0m09:36:25  Running with dbt=1.8.2
[2026-08-06T09:36:26.097+0000] {subprocess.py:93} INFO - [0m09:36:26  Registered adapter: postgres=1.8.2
[2026-08-06T09:36:26.618+0000] {subprocess.py:93} INFO - [0m09:36:26  Found 2 models, 428 macros
[2026-08-06T09:36:26.620+0000] {subprocess.py:93} INFO - [0m09:36:26
[2026-08-06T09:36:26.691+0000] {subprocess.py:93} INFO - [0m09:36:26  Concurrency: 4 threads (target='docker')
[2026-08-06T09:36:26.691+0000] {subprocess.py:93} INFO - [0m09:36:26
[2026-08-06T09:36:26.700+0000] {subprocess.py:93} INFO - [0m09:36:26  1 of 2 START sql view model public.stg_transactions ............................ [RUN]
[2026-08-06T09:36:26.788+0000] {subprocess.py:93} INFO - [0m09:36:26  1 of 2 OK created sql view model public.stg_transactions ....................... [[32mCREATE VIEW[0m in 0.09s]
[2026-08-06T09:36:26.790+0000] {subprocess.py:93} INFO - [0m09:36:26  2 of 2 START sql table model public.fraud_summary_daily ........................ [RUN]
[2026-08-06T09:36:26.867+0000] {subprocess.py:93} INFO - [0m09:36:26  2 of 2 OK created sql table model public.fraud_summary_daily ................... [[32mSELECT 261[0m in 0.08s]
[2026-08-06T09:36:26.880+0000] {subprocess.py:93} INFO - [0m09:36:26
[2026-08-06T09:36:26.880+0000] {subprocess.py:93} INFO - [0m09:36:26  Finished running 1 view model, 1 table model in 0 hours 0 minutes and 0.26 seconds (0.26s).
[2026-08-06T09:36:26.905+0000] {subprocess.py:93} INFO - [0m09:36:26
[2026-08-06T09:36:26.906+0000] {subprocess.py:93} INFO - [0m09:36:26  [32mCompleted successfully[0m
[2026-08-06T09:36:26.906+0000] {subprocess.py:93} INFO - [0m09:36:26
[2026-08-06T09:36:26.906+0000] {subprocess.py:93} INFO - [0m09:36:26  Done. PASS=2 WARN=0 ERROR=0 SKIP=0 TOTAL=2
[2026-08-06T09:36:28.451+0000] {subprocess.py:97} INFO - Command exited with return code 0
[2026-08-06T09:36:28.452+0000] {taskinstance.py:441} INFO - ::group::Post task execution logs
[2026-08-06T09:36:28.481+0000] {taskinstance.py:1206} INFO - Marking task as SUCCESS. dag_id=fraud_pipeline_dbt_orchestration, task_id=dbt_run, run_id=manual__2026-08-06T09:34:55.910556+00:00, execution_date=20260806T093455, start_date=20260806T093621, end_date=20260806T093628
[2026-08-06T09:36:28.532+0000] {local_task_job_runner.py:243} INFO - Task exited with return code 0
[2026-08-06T09:36:28.551+0000] {taskinstance.py:3503} INFO - 1 downstream tasks scheduled from follow-on schedule check
[2026-08-06T09:36:28.559+0000] {local_task_job_runner.py:222} INFO - ::endgroup::
