[2026-08-06T09:35:01.345+0000] {local_task_job_runner.py:120} INFO - ::group::Pre task execution logs
[2026-08-06T09:35:01.419+0000] {taskinstance.py:2076} INFO - Dependencies all met for dep_context=non-requeueable deps ti=<TaskInstance: fraud_pipeline_dbt_orchestration.dbt_run manual__2026-08-06T09:34:45.633288+00:00 [queued]>
[2026-08-06T09:35:01.442+0000] {taskinstance.py:2076} INFO - Dependencies all met for dep_context=requeueable deps ti=<TaskInstance: fraud_pipeline_dbt_orchestration.dbt_run manual__2026-08-06T09:34:45.633288+00:00 [queued]>
[2026-08-06T09:35:01.442+0000] {taskinstance.py:2306} INFO - Starting attempt 1 of 3
[2026-08-06T09:35:01.468+0000] {taskinstance.py:2330} INFO - Executing <Task(BashOperator): dbt_run> on 2026-08-06 09:34:45.633288+00:00
[2026-08-06T09:35:01.499+0000] {standard_task_runner.py:90} INFO - Running: ['***', 'tasks', 'run', 'fraud_pipeline_dbt_orchestration', 'dbt_run', 'manual__2026-08-06T09:34:45.633288+00:00', '--job-id', '34', '--raw', '--subdir', 'DAGS_FOLDER/fraud_dbt_dag.py', '--cfg-path', '/tmp/tmprp2bdma8']
[2026-08-06T09:35:01.504+0000] {logging_mixin.py:188} WARNING - /home/***/.local/lib/python3.12/site-packages/***/task/task_runner/standard_task_runner.py:62 DeprecationWarning: This process (pid=340) is multi-threaded, use of fork() may lead to deadlocks in the child.
[2026-08-06T09:35:01.505+0000] {standard_task_runner.py:91} INFO - Job 34: Subtask dbt_run
[2026-08-06T09:35:01.505+0000] {standard_task_runner.py:64} INFO - Started process 341 to run task
[2026-08-06T09:35:01.638+0000] {task_command.py:426} INFO - Running <TaskInstance: fraud_pipeline_dbt_orchestration.dbt_run manual__2026-08-06T09:34:45.633288+00:00 [running]> on host c17a5fd5dbf1
[2026-08-06T09:35:01.900+0000] {taskinstance.py:2648} INFO - Exporting env vars: AIRFLOW_CTX_DAG_OWNER='given' AIRFLOW_CTX_DAG_ID='fraud_pipeline_dbt_orchestration' AIRFLOW_CTX_TASK_ID='dbt_run' AIRFLOW_CTX_EXECUTION_DATE='2026-08-06T09:34:45.633288+00:00' AIRFLOW_CTX_TRY_NUMBER='1' AIRFLOW_CTX_DAG_RUN_ID='manual__2026-08-06T09:34:45.633288+00:00'
[2026-08-06T09:35:01.902+0000] {taskinstance.py:430} INFO - ::endgroup::
[2026-08-06T09:35:01.959+0000] {subprocess.py:63} INFO - Tmp dir root location: /tmp
[2026-08-06T09:35:01.961+0000] {subprocess.py:75} INFO - Running command: ['/usr/bin/bash', '-c', 'dbt run --project-dir /opt/***/dbt --profiles-dir /opt/***/dbt --target docker']
[2026-08-06T09:35:01.991+0000] {subprocess.py:86} INFO - Output:
[2026-08-06T09:35:05.541+0000] {subprocess.py:93} INFO - [0m09:35:05  Running with dbt=1.8.2
[2026-08-06T09:35:05.912+0000] {subprocess.py:93} INFO - [0m09:35:05  Registered adapter: postgres=1.8.2
[2026-08-06T09:35:06.612+0000] {subprocess.py:93} INFO - [0m09:35:06  Found 2 models, 428 macros
[2026-08-06T09:35:06.619+0000] {subprocess.py:93} INFO - [0m09:35:06
[2026-08-06T09:35:06.824+0000] {subprocess.py:93} INFO - [0m09:35:06  Concurrency: 4 threads (target='docker')
[2026-08-06T09:35:06.824+0000] {subprocess.py:93} INFO - [0m09:35:06
[2026-08-06T09:35:06.841+0000] {subprocess.py:93} INFO - [0m09:35:06  1 of 2 START sql view model public.stg_transactions ............................ [RUN]
[2026-08-06T09:35:07.005+0000] {subprocess.py:93} INFO - [0m09:35:07  1 of 2 OK created sql view model public.stg_transactions ....................... [[32mCREATE VIEW[0m in 0.16s]
[2026-08-06T09:35:07.009+0000] {subprocess.py:93} INFO - [0m09:35:07  2 of 2 START sql table model public.fraud_summary_daily ........................ [RUN]
[2026-08-06T09:35:07.129+0000] {subprocess.py:93} INFO - [0m09:35:07  2 of 2 OK created sql table model public.fraud_summary_daily ................... [[32mSELECT 261[0m in 0.12s]
[2026-08-06T09:35:07.147+0000] {subprocess.py:93} INFO - [0m09:35:07
[2026-08-06T09:35:07.148+0000] {subprocess.py:93} INFO - [0m09:35:07  Finished running 1 view model, 1 table model in 0 hours 0 minutes and 0.53 seconds (0.53s).
[2026-08-06T09:35:07.202+0000] {subprocess.py:93} INFO - [0m09:35:07
[2026-08-06T09:35:07.203+0000] {subprocess.py:93} INFO - [0m09:35:07  [32mCompleted successfully[0m
[2026-08-06T09:35:07.203+0000] {subprocess.py:93} INFO - [0m09:35:07
[2026-08-06T09:35:07.204+0000] {subprocess.py:93} INFO - [0m09:35:07  Done. PASS=2 WARN=0 ERROR=0 SKIP=0 TOTAL=2
[2026-08-06T09:35:09.125+0000] {subprocess.py:97} INFO - Command exited with return code 0
[2026-08-06T09:35:09.126+0000] {taskinstance.py:441} INFO - ::group::Post task execution logs
[2026-08-06T09:35:09.184+0000] {taskinstance.py:1206} INFO - Marking task as SUCCESS. dag_id=fraud_pipeline_dbt_orchestration, task_id=dbt_run, run_id=manual__2026-08-06T09:34:45.633288+00:00, execution_date=20260806T093445, start_date=20260806T093501, end_date=20260806T093509
[2026-08-06T09:35:09.234+0000] {local_task_job_runner.py:243} INFO - Task exited with return code 0
[2026-08-06T09:35:09.271+0000] {taskinstance.py:3503} INFO - 1 downstream tasks scheduled from follow-on schedule check
[2026-08-06T09:35:09.274+0000] {local_task_job_runner.py:222} INFO - ::endgroup::
