[2026-08-06T09:45:02.788+0000] {local_task_job_runner.py:120} INFO - ::group::Pre task execution logs
[2026-08-06T09:45:02.869+0000] {taskinstance.py:2076} INFO - Dependencies all met for dep_context=non-requeueable deps ti=<TaskInstance: fraud_pipeline_dbt_orchestration.dbt_run scheduled__2026-08-06T09:30:00+00:00 [queued]>
[2026-08-06T09:45:02.890+0000] {taskinstance.py:2076} INFO - Dependencies all met for dep_context=requeueable deps ti=<TaskInstance: fraud_pipeline_dbt_orchestration.dbt_run scheduled__2026-08-06T09:30:00+00:00 [queued]>
[2026-08-06T09:45:02.891+0000] {taskinstance.py:2306} INFO - Starting attempt 1 of 3
[2026-08-06T09:45:02.924+0000] {taskinstance.py:2330} INFO - Executing <Task(BashOperator): dbt_run> on 2026-08-06 09:30:00+00:00
[2026-08-06T09:45:02.937+0000] {standard_task_runner.py:90} INFO - Running: ['***', 'tasks', 'run', 'fraud_pipeline_dbt_orchestration', 'dbt_run', 'scheduled__2026-08-06T09:30:00+00:00', '--job-id', '55', '--raw', '--subdir', 'DAGS_FOLDER/fraud_dbt_dag.py', '--cfg-path', '/tmp/tmphxdcj4bl']
[2026-08-06T09:45:02.941+0000] {standard_task_runner.py:91} INFO - Job 55: Subtask dbt_run
[2026-08-06T09:45:02.942+0000] {logging_mixin.py:188} WARNING - /home/***/.local/lib/python3.12/site-packages/***/task/task_runner/standard_task_runner.py:62 DeprecationWarning: This process (pid=582) is multi-threaded, use of fork() may lead to deadlocks in the child.
[2026-08-06T09:45:02.943+0000] {standard_task_runner.py:64} INFO - Started process 583 to run task
[2026-08-06T09:45:03.076+0000] {task_command.py:426} INFO - Running <TaskInstance: fraud_pipeline_dbt_orchestration.dbt_run scheduled__2026-08-06T09:30:00+00:00 [running]> on host c17a5fd5dbf1
[2026-08-06T09:45:03.298+0000] {taskinstance.py:2648} INFO - Exporting env vars: AIRFLOW_CTX_DAG_OWNER='given' AIRFLOW_CTX_DAG_ID='fraud_pipeline_dbt_orchestration' AIRFLOW_CTX_TASK_ID='dbt_run' AIRFLOW_CTX_EXECUTION_DATE='2026-08-06T09:30:00+00:00' AIRFLOW_CTX_TRY_NUMBER='1' AIRFLOW_CTX_DAG_RUN_ID='scheduled__2026-08-06T09:30:00+00:00'
[2026-08-06T09:45:03.300+0000] {taskinstance.py:430} INFO - ::endgroup::
[2026-08-06T09:45:03.322+0000] {subprocess.py:63} INFO - Tmp dir root location: /tmp
[2026-08-06T09:45:03.323+0000] {subprocess.py:75} INFO - Running command: ['/usr/bin/bash', '-c', 'dbt run --project-dir /opt/***/dbt --profiles-dir /opt/***/dbt --target docker']
[2026-08-06T09:45:03.339+0000] {subprocess.py:86} INFO - Output:
[2026-08-06T09:45:07.689+0000] {subprocess.py:93} INFO - [0m09:45:07  Running with dbt=1.8.2
[2026-08-06T09:45:08.270+0000] {subprocess.py:93} INFO - [0m09:45:08  Registered adapter: postgres=1.8.2
[2026-08-06T09:45:09.129+0000] {subprocess.py:93} INFO - [0m09:45:09  Found 2 models, 428 macros
[2026-08-06T09:45:09.135+0000] {subprocess.py:93} INFO - [0m09:45:09
[2026-08-06T09:45:09.401+0000] {subprocess.py:93} INFO - [0m09:45:09  Concurrency: 4 threads (target='docker')
[2026-08-06T09:45:09.402+0000] {subprocess.py:93} INFO - [0m09:45:09
[2026-08-06T09:45:09.423+0000] {subprocess.py:93} INFO - [0m09:45:09  1 of 2 START sql view model public.stg_transactions ............................ [RUN]
[2026-08-06T09:45:09.592+0000] {subprocess.py:93} INFO - [0m09:45:09  1 of 2 OK created sql view model public.stg_transactions ....................... [[32mCREATE VIEW[0m in 0.16s]
[2026-08-06T09:45:09.597+0000] {subprocess.py:93} INFO - [0m09:45:09  2 of 2 START sql table model public.fraud_summary_daily ........................ [RUN]
[2026-08-06T09:45:09.723+0000] {subprocess.py:93} INFO - [0m09:45:09  2 of 2 OK created sql table model public.fraud_summary_daily ................... [[32mSELECT 261[0m in 0.12s]
[2026-08-06T09:45:09.753+0000] {subprocess.py:93} INFO - [0m09:45:09
[2026-08-06T09:45:09.754+0000] {subprocess.py:93} INFO - [0m09:45:09  Finished running 1 view model, 1 table model in 0 hours 0 minutes and 0.62 seconds (0.62s).
[2026-08-06T09:45:09.826+0000] {subprocess.py:93} INFO - [0m09:45:09
[2026-08-06T09:45:09.827+0000] {subprocess.py:93} INFO - [0m09:45:09  [32mCompleted successfully[0m
[2026-08-06T09:45:09.828+0000] {subprocess.py:93} INFO - [0m09:45:09
[2026-08-06T09:45:09.829+0000] {subprocess.py:93} INFO - [0m09:45:09  Done. PASS=2 WARN=0 ERROR=0 SKIP=0 TOTAL=2
[2026-08-06T09:45:11.812+0000] {subprocess.py:97} INFO - Command exited with return code 0
[2026-08-06T09:45:11.813+0000] {taskinstance.py:441} INFO - ::group::Post task execution logs
[2026-08-06T09:45:11.852+0000] {taskinstance.py:1206} INFO - Marking task as SUCCESS. dag_id=fraud_pipeline_dbt_orchestration, task_id=dbt_run, run_id=scheduled__2026-08-06T09:30:00+00:00, execution_date=20260806T093000, start_date=20260806T094502, end_date=20260806T094511
[2026-08-06T09:45:11.903+0000] {local_task_job_runner.py:243} INFO - Task exited with return code 0
[2026-08-06T09:45:11.970+0000] {taskinstance.py:3503} INFO - 1 downstream tasks scheduled from follow-on schedule check
[2026-08-06T09:45:11.978+0000] {local_task_job_runner.py:222} INFO - ::endgroup::
