[2026-08-06T09:35:21.805+0000] {local_task_job_runner.py:120} INFO - ::group::Pre task execution logs
[2026-08-06T09:35:21.905+0000] {taskinstance.py:2076} INFO - Dependencies all met for dep_context=non-requeueable deps ti=<TaskInstance: fraud_pipeline_dbt_orchestration.dbt_run manual__2026-08-06T09:34:50.153778+00:00 [queued]>
[2026-08-06T09:35:21.928+0000] {taskinstance.py:2076} INFO - Dependencies all met for dep_context=requeueable deps ti=<TaskInstance: fraud_pipeline_dbt_orchestration.dbt_run manual__2026-08-06T09:34:50.153778+00:00 [queued]>
[2026-08-06T09:35:21.929+0000] {taskinstance.py:2306} INFO - Starting attempt 1 of 3
[2026-08-06T09:35:21.973+0000] {taskinstance.py:2330} INFO - Executing <Task(BashOperator): dbt_run> on 2026-08-06 09:34:50.153778+00:00
[2026-08-06T09:35:21.989+0000] {standard_task_runner.py:90} INFO - Running: ['***', 'tasks', 'run', 'fraud_pipeline_dbt_orchestration', 'dbt_run', 'manual__2026-08-06T09:34:50.153778+00:00', '--job-id', '37', '--raw', '--subdir', 'DAGS_FOLDER/fraud_dbt_dag.py', '--cfg-path', '/tmp/tmpiqcjgzxc']
[2026-08-06T09:35:21.995+0000] {standard_task_runner.py:91} INFO - Job 37: Subtask dbt_run
[2026-08-06T09:35:22.000+0000] {logging_mixin.py:188} WARNING - /home/***/.local/lib/python3.12/site-packages/***/task/task_runner/standard_task_runner.py:62 DeprecationWarning: This process (pid=361) is multi-threaded, use of fork() may lead to deadlocks in the child.
[2026-08-06T09:35:22.003+0000] {standard_task_runner.py:64} INFO - Started process 362 to run task
[2026-08-06T09:35:22.152+0000] {task_command.py:426} INFO - Running <TaskInstance: fraud_pipeline_dbt_orchestration.dbt_run manual__2026-08-06T09:34:50.153778+00:00 [running]> on host c17a5fd5dbf1
[2026-08-06T09:35:22.482+0000] {taskinstance.py:2648} INFO - Exporting env vars: AIRFLOW_CTX_DAG_OWNER='given' AIRFLOW_CTX_DAG_ID='fraud_pipeline_dbt_orchestration' AIRFLOW_CTX_TASK_ID='dbt_run' AIRFLOW_CTX_EXECUTION_DATE='2026-08-06T09:34:50.153778+00:00' AIRFLOW_CTX_TRY_NUMBER='1' AIRFLOW_CTX_DAG_RUN_ID='manual__2026-08-06T09:34:50.153778+00:00'
[2026-08-06T09:35:22.485+0000] {taskinstance.py:430} INFO - ::endgroup::
[2026-08-06T09:35:22.518+0000] {subprocess.py:63} INFO - Tmp dir root location: /tmp
[2026-08-06T09:35:22.520+0000] {subprocess.py:75} INFO - Running command: ['/usr/bin/bash', '-c', 'dbt run --project-dir /opt/***/dbt --profiles-dir /opt/***/dbt --target docker']
[2026-08-06T09:35:22.536+0000] {subprocess.py:86} INFO - Output:
[2026-08-06T09:35:25.702+0000] {subprocess.py:93} INFO - [0m09:35:25  Running with dbt=1.8.2
[2026-08-06T09:35:26.304+0000] {subprocess.py:93} INFO - [0m09:35:26  Registered adapter: postgres=1.8.2
[2026-08-06T09:35:26.982+0000] {subprocess.py:93} INFO - [0m09:35:26  Found 2 models, 428 macros
[2026-08-06T09:35:26.989+0000] {subprocess.py:93} INFO - [0m09:35:26
[2026-08-06T09:35:27.135+0000] {subprocess.py:93} INFO - [0m09:35:27  Concurrency: 4 threads (target='docker')
[2026-08-06T09:35:27.136+0000] {subprocess.py:93} INFO - [0m09:35:27
[2026-08-06T09:35:27.156+0000] {subprocess.py:93} INFO - [0m09:35:27  1 of 2 START sql view model public.stg_transactions ............................ [RUN]
[2026-08-06T09:35:27.340+0000] {subprocess.py:93} INFO - [0m09:35:27  1 of 2 OK created sql view model public.stg_transactions ....................... [[32mCREATE VIEW[0m in 0.18s]
[2026-08-06T09:35:27.344+0000] {subprocess.py:93} INFO - [0m09:35:27  2 of 2 START sql table model public.fraud_summary_daily ........................ [RUN]
[2026-08-06T09:35:27.470+0000] {subprocess.py:93} INFO - [0m09:35:27  2 of 2 OK created sql table model public.fraud_summary_daily ................... [[32mSELECT 261[0m in 0.12s]
[2026-08-06T09:35:27.489+0000] {subprocess.py:93} INFO - [0m09:35:27
[2026-08-06T09:35:27.490+0000] {subprocess.py:93} INFO - [0m09:35:27  Finished running 1 view model, 1 table model in 0 hours 0 minutes and 0.50 seconds (0.50s).
[2026-08-06T09:35:27.524+0000] {subprocess.py:93} INFO - [0m09:35:27
[2026-08-06T09:35:27.525+0000] {subprocess.py:93} INFO - [0m09:35:27  [32mCompleted successfully[0m
[2026-08-06T09:35:27.525+0000] {subprocess.py:93} INFO - [0m09:35:27
[2026-08-06T09:35:27.526+0000] {subprocess.py:93} INFO - [0m09:35:27  Done. PASS=2 WARN=0 ERROR=0 SKIP=0 TOTAL=2
[2026-08-06T09:35:29.556+0000] {subprocess.py:97} INFO - Command exited with return code 0
[2026-08-06T09:35:29.559+0000] {taskinstance.py:441} INFO - ::group::Post task execution logs
[2026-08-06T09:35:29.631+0000] {taskinstance.py:1206} INFO - Marking task as SUCCESS. dag_id=fraud_pipeline_dbt_orchestration, task_id=dbt_run, run_id=manual__2026-08-06T09:34:50.153778+00:00, execution_date=20260806T093450, start_date=20260806T093521, end_date=20260806T093529
[2026-08-06T09:35:29.688+0000] {local_task_job_runner.py:243} INFO - Task exited with return code 0
[2026-08-06T09:35:29.731+0000] {taskinstance.py:3503} INFO - 1 downstream tasks scheduled from follow-on schedule check
[2026-08-06T09:35:29.741+0000] {local_task_job_runner.py:222} INFO - ::endgroup::
