[2026-08-06T10:00:03.743+0000] {local_task_job_runner.py:120} INFO - ::group::Pre task execution logs
[2026-08-06T10:00:03.838+0000] {taskinstance.py:2076} INFO - Dependencies all met for dep_context=non-requeueable deps ti=<TaskInstance: fraud_pipeline_dbt_orchestration.dbt_run scheduled__2026-08-06T09:45:00+00:00 [queued]>
[2026-08-06T10:00:03.861+0000] {taskinstance.py:2076} INFO - Dependencies all met for dep_context=requeueable deps ti=<TaskInstance: fraud_pipeline_dbt_orchestration.dbt_run scheduled__2026-08-06T09:45:00+00:00 [queued]>
[2026-08-06T10:00:03.862+0000] {taskinstance.py:2306} INFO - Starting attempt 1 of 3
[2026-08-06T10:00:03.909+0000] {taskinstance.py:2330} INFO - Executing <Task(BashOperator): dbt_run> on 2026-08-06 09:45:00+00:00
[2026-08-06T10:00:03.931+0000] {standard_task_runner.py:90} INFO - Running: ['***', 'tasks', 'run', 'fraud_pipeline_dbt_orchestration', 'dbt_run', 'scheduled__2026-08-06T09:45:00+00:00', '--job-id', '58', '--raw', '--subdir', 'DAGS_FOLDER/fraud_dbt_dag.py', '--cfg-path', '/tmp/tmp4vax0dij']
[2026-08-06T10:00:03.941+0000] {standard_task_runner.py:91} INFO - Job 58: Subtask dbt_run
[2026-08-06T10:00:03.948+0000] {logging_mixin.py:188} WARNING - /home/***/.local/lib/python3.12/site-packages/***/task/task_runner/standard_task_runner.py:62 DeprecationWarning: This process (pid=753) is multi-threaded, use of fork() may lead to deadlocks in the child.
[2026-08-06T10:00:03.949+0000] {standard_task_runner.py:64} INFO - Started process 754 to run task
[2026-08-06T10:00:04.089+0000] {task_command.py:426} INFO - Running <TaskInstance: fraud_pipeline_dbt_orchestration.dbt_run scheduled__2026-08-06T09:45:00+00:00 [running]> on host c17a5fd5dbf1
[2026-08-06T10:00:04.276+0000] {taskinstance.py:2648} INFO - Exporting env vars: AIRFLOW_CTX_DAG_OWNER='given' AIRFLOW_CTX_DAG_ID='fraud_pipeline_dbt_orchestration' AIRFLOW_CTX_TASK_ID='dbt_run' AIRFLOW_CTX_EXECUTION_DATE='2026-08-06T09:45:00+00:00' AIRFLOW_CTX_TRY_NUMBER='1' AIRFLOW_CTX_DAG_RUN_ID='scheduled__2026-08-06T09:45:00+00:00'
[2026-08-06T10:00:04.280+0000] {taskinstance.py:430} INFO - ::endgroup::
[2026-08-06T10:00:04.321+0000] {subprocess.py:63} INFO - Tmp dir root location: /tmp
[2026-08-06T10:00:04.327+0000] {subprocess.py:75} INFO - Running command: ['/usr/bin/bash', '-c', 'dbt run --project-dir /opt/***/dbt --profiles-dir /opt/***/dbt --target docker']
[2026-08-06T10:00:04.345+0000] {subprocess.py:86} INFO - Output:
[2026-08-06T10:00:08.716+0000] {subprocess.py:93} INFO - [0m10:00:08  Running with dbt=1.8.2
[2026-08-06T10:00:09.222+0000] {subprocess.py:93} INFO - [0m10:00:09  Registered adapter: postgres=1.8.2
[2026-08-06T10:00:09.983+0000] {subprocess.py:93} INFO - [0m10:00:09  Found 2 models, 428 macros
[2026-08-06T10:00:09.986+0000] {subprocess.py:93} INFO - [0m10:00:09
[2026-08-06T10:00:10.195+0000] {subprocess.py:93} INFO - [0m10:00:10  Concurrency: 4 threads (target='docker')
[2026-08-06T10:00:10.196+0000] {subprocess.py:93} INFO - [0m10:00:10
[2026-08-06T10:00:10.222+0000] {subprocess.py:93} INFO - [0m10:00:10  1 of 2 START sql view model public.stg_transactions ............................ [RUN]
[2026-08-06T10:00:10.410+0000] {subprocess.py:93} INFO - [0m10:00:10  1 of 2 OK created sql view model public.stg_transactions ....................... [[32mCREATE VIEW[0m in 0.18s]
[2026-08-06T10:00:10.415+0000] {subprocess.py:93} INFO - [0m10:00:10  2 of 2 START sql table model public.fraud_summary_daily ........................ [RUN]
[2026-08-06T10:00:10.571+0000] {subprocess.py:93} INFO - [0m10:00:10  2 of 2 OK created sql table model public.fraud_summary_daily ................... [[32mSELECT 83[0m in 0.15s]
[2026-08-06T10:00:10.590+0000] {subprocess.py:93} INFO - [0m10:00:10
[2026-08-06T10:00:10.591+0000] {subprocess.py:93} INFO - [0m10:00:10  Finished running 1 view model, 1 table model in 0 hours 0 minutes and 0.60 seconds (0.60s).
[2026-08-06T10:00:10.638+0000] {subprocess.py:93} INFO - [0m10:00:10
[2026-08-06T10:00:10.639+0000] {subprocess.py:93} INFO - [0m10:00:10  [32mCompleted successfully[0m
[2026-08-06T10:00:10.640+0000] {subprocess.py:93} INFO - [0m10:00:10
[2026-08-06T10:00:10.641+0000] {subprocess.py:93} INFO - [0m10:00:10  Done. PASS=2 WARN=0 ERROR=0 SKIP=0 TOTAL=2
[2026-08-06T10:00:12.804+0000] {subprocess.py:97} INFO - Command exited with return code 0
[2026-08-06T10:00:12.805+0000] {taskinstance.py:441} INFO - ::group::Post task execution logs
[2026-08-06T10:00:12.881+0000] {taskinstance.py:1206} INFO - Marking task as SUCCESS. dag_id=fraud_pipeline_dbt_orchestration, task_id=dbt_run, run_id=scheduled__2026-08-06T09:45:00+00:00, execution_date=20260806T094500, start_date=20260806T100003, end_date=20260806T100012
[2026-08-06T10:00:12.957+0000] {local_task_job_runner.py:243} INFO - Task exited with return code 0
[2026-08-06T10:00:13.007+0000] {taskinstance.py:3503} INFO - 1 downstream tasks scheduled from follow-on schedule check
[2026-08-06T10:00:13.010+0000] {local_task_job_runner.py:222} INFO - ::endgroup::
