[2026-08-06T09:36:40.293+0000] {local_task_job_runner.py:120} INFO - ::group::Pre task execution logs
[2026-08-06T09:36:40.359+0000] {taskinstance.py:2076} INFO - Dependencies all met for dep_context=non-requeueable deps ti=<TaskInstance: fraud_pipeline_dbt_orchestration.dbt_run manual__2026-08-06T09:35:54.431515+00:00 [queued]>
[2026-08-06T09:36:40.392+0000] {taskinstance.py:2076} INFO - Dependencies all met for dep_context=requeueable deps ti=<TaskInstance: fraud_pipeline_dbt_orchestration.dbt_run manual__2026-08-06T09:35:54.431515+00:00 [queued]>
[2026-08-06T09:36:40.393+0000] {taskinstance.py:2306} INFO - Starting attempt 1 of 3
[2026-08-06T09:36:40.436+0000] {taskinstance.py:2330} INFO - Executing <Task(BashOperator): dbt_run> on 2026-08-06 09:35:54.431515+00:00
[2026-08-06T09:36:40.462+0000] {logging_mixin.py:188} WARNING - /home/***/.local/lib/python3.12/site-packages/***/task/task_runner/standard_task_runner.py:62 DeprecationWarning: This process (pid=460) is multi-threaded, use of fork() may lead to deadlocks in the child.
[2026-08-06T09:36:40.450+0000] {standard_task_runner.py:90} INFO - Running: ['***', 'tasks', 'run', 'fraud_pipeline_dbt_orchestration', 'dbt_run', 'manual__2026-08-06T09:35:54.431515+00:00', '--job-id', '49', '--raw', '--subdir', 'DAGS_FOLDER/fraud_dbt_dag.py', '--cfg-path', '/tmp/tmps8iwoz83']
[2026-08-06T09:36:40.464+0000] {standard_task_runner.py:91} INFO - Job 49: Subtask dbt_run
[2026-08-06T09:36:40.466+0000] {standard_task_runner.py:64} INFO - Started process 461 to run task
[2026-08-06T09:36:40.556+0000] {task_command.py:426} INFO - Running <TaskInstance: fraud_pipeline_dbt_orchestration.dbt_run manual__2026-08-06T09:35:54.431515+00:00 [running]> on host c17a5fd5dbf1
[2026-08-06T09:36:40.752+0000] {taskinstance.py:2648} INFO - Exporting env vars: AIRFLOW_CTX_DAG_OWNER='given' AIRFLOW_CTX_DAG_ID='fraud_pipeline_dbt_orchestration' AIRFLOW_CTX_TASK_ID='dbt_run' AIRFLOW_CTX_EXECUTION_DATE='2026-08-06T09:35:54.431515+00:00' AIRFLOW_CTX_TRY_NUMBER='1' AIRFLOW_CTX_DAG_RUN_ID='manual__2026-08-06T09:35:54.431515+00:00'
[2026-08-06T09:36:40.754+0000] {taskinstance.py:430} INFO - ::endgroup::
[2026-08-06T09:36:40.775+0000] {subprocess.py:63} INFO - Tmp dir root location: /tmp
[2026-08-06T09:36:40.776+0000] {subprocess.py:75} INFO - Running command: ['/usr/bin/bash', '-c', 'dbt run --project-dir /opt/***/dbt --profiles-dir /opt/***/dbt --target docker']
[2026-08-06T09:36:40.796+0000] {subprocess.py:86} INFO - Output:
[2026-08-06T09:36:44.350+0000] {subprocess.py:93} INFO - [0m09:36:44  Running with dbt=1.8.2
[2026-08-06T09:36:44.822+0000] {subprocess.py:93} INFO - [0m09:36:44  Registered adapter: postgres=1.8.2
[2026-08-06T09:36:45.620+0000] {subprocess.py:93} INFO - [0m09:36:45  Found 2 models, 428 macros
[2026-08-06T09:36:45.624+0000] {subprocess.py:93} INFO - [0m09:36:45
[2026-08-06T09:36:45.781+0000] {subprocess.py:93} INFO - [0m09:36:45  Concurrency: 4 threads (target='docker')
[2026-08-06T09:36:45.781+0000] {subprocess.py:93} INFO - [0m09:36:45
[2026-08-06T09:36:45.798+0000] {subprocess.py:93} INFO - [0m09:36:45  1 of 2 START sql view model public.stg_transactions ............................ [RUN]
[2026-08-06T09:36:45.948+0000] {subprocess.py:93} INFO - [0m09:36:45  1 of 2 OK created sql view model public.stg_transactions ....................... [[32mCREATE VIEW[0m in 0.15s]
[2026-08-06T09:36:45.963+0000] {subprocess.py:93} INFO - [0m09:36:45  2 of 2 START sql table model public.fraud_summary_daily ........................ [RUN]
[2026-08-06T09:36:46.141+0000] {subprocess.py:93} INFO - [0m09:36:46  2 of 2 OK created sql table model public.fraud_summary_daily ................... [[32mSELECT 261[0m in 0.18s]
[2026-08-06T09:36:46.160+0000] {subprocess.py:93} INFO - [0m09:36:46
[2026-08-06T09:36:46.161+0000] {subprocess.py:93} INFO - [0m09:36:46  Finished running 1 view model, 1 table model in 0 hours 0 minutes and 0.54 seconds (0.54s).
[2026-08-06T09:36:46.201+0000] {subprocess.py:93} INFO - [0m09:36:46
[2026-08-06T09:36:46.202+0000] {subprocess.py:93} INFO - [0m09:36:46  [32mCompleted successfully[0m
[2026-08-06T09:36:46.203+0000] {subprocess.py:93} INFO - [0m09:36:46
[2026-08-06T09:36:46.204+0000] {subprocess.py:93} INFO - [0m09:36:46  Done. PASS=2 WARN=0 ERROR=0 SKIP=0 TOTAL=2
[2026-08-06T09:36:48.175+0000] {subprocess.py:97} INFO - Command exited with return code 0
[2026-08-06T09:36:48.177+0000] {taskinstance.py:441} INFO - ::group::Post task execution logs
[2026-08-06T09:36:48.260+0000] {taskinstance.py:1206} INFO - Marking task as SUCCESS. dag_id=fraud_pipeline_dbt_orchestration, task_id=dbt_run, run_id=manual__2026-08-06T09:35:54.431515+00:00, execution_date=20260806T093554, start_date=20260806T093640, end_date=20260806T093648
[2026-08-06T09:36:48.346+0000] {local_task_job_runner.py:243} INFO - Task exited with return code 0
[2026-08-06T09:36:48.406+0000] {taskinstance.py:3503} INFO - 1 downstream tasks scheduled from follow-on schedule check
[2026-08-06T09:36:48.415+0000] {local_task_job_runner.py:222} INFO - ::endgroup::
