[2026-08-06T09:04:08.586+0000] {local_task_job_runner.py:120} INFO - ::group::Pre task execution logs
[2026-08-06T09:04:08.683+0000] {taskinstance.py:2076} INFO - Dependencies all met for dep_context=non-requeueable deps ti=<TaskInstance: fraud_pipeline_dbt_orchestration.dbt_run scheduled__2026-08-06T08:45:00+00:00 [queued]>
[2026-08-06T09:04:08.703+0000] {taskinstance.py:2076} INFO - Dependencies all met for dep_context=requeueable deps ti=<TaskInstance: fraud_pipeline_dbt_orchestration.dbt_run scheduled__2026-08-06T08:45:00+00:00 [queued]>
[2026-08-06T09:04:08.704+0000] {taskinstance.py:2306} INFO - Starting attempt 3 of 3
[2026-08-06T09:04:08.741+0000] {taskinstance.py:2330} INFO - Executing <Task(BashOperator): dbt_run> on 2026-08-06 08:45:00+00:00
[2026-08-06T09:04:08.755+0000] {standard_task_runner.py:90} INFO - Running: ['***', 'tasks', 'run', 'fraud_pipeline_dbt_orchestration', 'dbt_run', 'scheduled__2026-08-06T08:45:00+00:00', '--job-id', '21', '--raw', '--subdir', 'DAGS_FOLDER/fraud_dbt_dag.py', '--cfg-path', '/tmp/tmpfv_dj5kx']
[2026-08-06T09:04:08.759+0000] {standard_task_runner.py:91} INFO - Job 21: Subtask dbt_run
[2026-08-06T09:04:08.761+0000] {logging_mixin.py:188} WARNING - /home/***/.local/lib/python3.12/site-packages/***/task/task_runner/standard_task_runner.py:62 DeprecationWarning: This process (pid=950) is multi-threaded, use of fork() may lead to deadlocks in the child.
[2026-08-06T09:04:08.762+0000] {standard_task_runner.py:64} INFO - Started process 951 to run task
[2026-08-06T09:04:08.853+0000] {task_command.py:426} INFO - Running <TaskInstance: fraud_pipeline_dbt_orchestration.dbt_run scheduled__2026-08-06T08:45:00+00:00 [running]> on host 21877d08a1cd
[2026-08-06T09:04:09.035+0000] {taskinstance.py:2648} INFO - Exporting env vars: AIRFLOW_CTX_DAG_OWNER='given' AIRFLOW_CTX_DAG_ID='fraud_pipeline_dbt_orchestration' AIRFLOW_CTX_TASK_ID='dbt_run' AIRFLOW_CTX_EXECUTION_DATE='2026-08-06T08:45:00+00:00' AIRFLOW_CTX_TRY_NUMBER='3' AIRFLOW_CTX_DAG_RUN_ID='scheduled__2026-08-06T08:45:00+00:00'
[2026-08-06T09:04:09.037+0000] {taskinstance.py:430} INFO - ::endgroup::
[2026-08-06T09:04:09.056+0000] {subprocess.py:63} INFO - Tmp dir root location: /tmp
[2026-08-06T09:04:09.057+0000] {subprocess.py:75} INFO - Running command: ['/usr/bin/bash', '-c', 'dbt run --project-dir /opt/***/dbt --profiles-dir /opt/***/dbt --target docker']
[2026-08-06T09:04:09.074+0000] {subprocess.py:86} INFO - Output:
[2026-08-06T09:04:09.121+0000] {subprocess.py:93} INFO -   dbt-core 2.0.0-alpha.5
[2026-08-06T09:04:09.122+0000] {subprocess.py:93} INFO -    Loading profiles.yml
[2026-08-06T09:04:09.992+0000] {subprocess.py:93} INFO - 
[2026-08-06T09:04:09.993+0000] {subprocess.py:93} INFO - =================== Errors and Warnings ====================
[2026-08-06T09:04:09.994+0000] {subprocess.py:93} INFO - [error] [InvalidConfig (dbt1005)]: Configuration Error: The 'postgres' adapter is not yet supported by dbt Fusion. Supported adapters: snowflake, bigquery, databricks, redshift, duckdb, salesforce, clickhouse. To use an experimental adapter, set the environment variable DBT_ALLOW_EXPERIMENTAL_ADAPTERS=true. Note that experimental adapters may be unstable and are not yet recommended for production use.
[2026-08-06T09:04:09.994+0000] {subprocess.py:93} INFO - 
[2026-08-06T09:04:09.995+0000] {subprocess.py:93} INFO - ==================== Execution Summary =====================
[2026-08-06T09:04:09.995+0000] {subprocess.py:93} INFO - Finished 'run' with 1 error for target 'docker' [871ms]
[2026-08-06T09:04:09.999+0000] {subprocess.py:97} INFO - Command exited with return code 1
[2026-08-06T09:04:10.014+0000] {taskinstance.py:441} INFO - ::group::Post task execution logs
[2026-08-06T09:04:10.036+0000] {taskinstance.py:2905} ERROR - Task failed with exception
Traceback (most recent call last):
  File "/home/airflow/.local/lib/python3.12/site-packages/airflow/models/taskinstance.py", line 465, in _execute_task
    result = _execute_callable(context=context, **execute_callable_kwargs)
             ^^^^^^^^^^^^^^^^^^^^^^^^^^^^^^^^^^^^^^^^^^^^^^^^^^^^^^^^^^^^^
  File "/home/airflow/.local/lib/python3.12/site-packages/airflow/models/taskinstance.py", line 432, in _execute_callable
    return execute_callable(context=context, **execute_callable_kwargs)
           ^^^^^^^^^^^^^^^^^^^^^^^^^^^^^^^^^^^^^^^^^^^^^^^^^^^^^^^^^^^^
  File "/home/airflow/.local/lib/python3.12/site-packages/airflow/models/baseoperator.py", line 401, in wrapper
    return func(self, *args, **kwargs)
           ^^^^^^^^^^^^^^^^^^^^^^^^^^^
  File "/home/airflow/.local/lib/python3.12/site-packages/airflow/operators/bash.py", line 243, in execute
    raise AirflowException(
airflow.exceptions.AirflowException: Bash command failed. The command returned a non-zero exit code 1.
[2026-08-06T09:04:10.044+0000] {taskinstance.py:1206} INFO - Marking task as FAILED. dag_id=fraud_pipeline_dbt_orchestration, task_id=dbt_run, run_id=scheduled__2026-08-06T08:45:00+00:00, execution_date=20260806T084500, start_date=20260806T090408, end_date=20260806T090410
[2026-08-06T09:04:10.075+0000] {standard_task_runner.py:110} ERROR - Failed to execute job 21 for task dbt_run (Bash command failed. The command returned a non-zero exit code 1.; 951)
[2026-08-06T09:04:10.109+0000] {local_task_job_runner.py:243} INFO - Task exited with return code 1
[2026-08-06T09:04:10.165+0000] {taskinstance.py:3503} INFO - 0 downstream tasks scheduled from follow-on schedule check
[2026-08-06T09:04:10.179+0000] {local_task_job_runner.py:222} INFO - ::endgroup::
