[2026-08-06T09:35:42.889+0000] {local_task_job_runner.py:120} INFO - ::group::Pre task execution logs
[2026-08-06T09:35:42.951+0000] {taskinstance.py:2076} INFO - Dependencies all met for dep_context=non-requeueable deps ti=<TaskInstance: fraud_pipeline_dbt_orchestration.dbt_run manual__2026-08-06T09:34:51.558038+00:00 [queued]>
[2026-08-06T09:35:42.971+0000] {taskinstance.py:2076} INFO - Dependencies all met for dep_context=requeueable deps ti=<TaskInstance: fraud_pipeline_dbt_orchestration.dbt_run manual__2026-08-06T09:34:51.558038+00:00 [queued]>
[2026-08-06T09:35:42.972+0000] {taskinstance.py:2306} INFO - Starting attempt 1 of 3
[2026-08-06T09:35:43.005+0000] {taskinstance.py:2330} INFO - Executing <Task(BashOperator): dbt_run> on 2026-08-06 09:34:51.558038+00:00
[2026-08-06T09:35:43.029+0000] {standard_task_runner.py:90} INFO - Running: ['***', 'tasks', 'run', 'fraud_pipeline_dbt_orchestration', 'dbt_run', 'manual__2026-08-06T09:34:51.558038+00:00', '--job-id', '40', '--raw', '--subdir', 'DAGS_FOLDER/fraud_dbt_dag.py', '--cfg-path', '/tmp/tmpwzr8gv10']
[2026-08-06T09:35:43.038+0000] {standard_task_runner.py:91} INFO - Job 40: Subtask dbt_run
[2026-08-06T09:35:43.042+0000] {logging_mixin.py:188} WARNING - /home/***/.local/lib/python3.12/site-packages/***/task/task_runner/standard_task_runner.py:62 DeprecationWarning: This process (pid=387) is multi-threaded, use of fork() may lead to deadlocks in the child.
[2026-08-06T09:35:43.045+0000] {standard_task_runner.py:64} INFO - Started process 388 to run task
[2026-08-06T09:35:43.170+0000] {task_command.py:426} INFO - Running <TaskInstance: fraud_pipeline_dbt_orchestration.dbt_run manual__2026-08-06T09:34:51.558038+00:00 [running]> on host c17a5fd5dbf1
[2026-08-06T09:35:43.332+0000] {taskinstance.py:2648} INFO - Exporting env vars: AIRFLOW_CTX_DAG_OWNER='given' AIRFLOW_CTX_DAG_ID='fraud_pipeline_dbt_orchestration' AIRFLOW_CTX_TASK_ID='dbt_run' AIRFLOW_CTX_EXECUTION_DATE='2026-08-06T09:34:51.558038+00:00' AIRFLOW_CTX_TRY_NUMBER='1' AIRFLOW_CTX_DAG_RUN_ID='manual__2026-08-06T09:34:51.558038+00:00'
[2026-08-06T09:35:43.334+0000] {taskinstance.py:430} INFO - ::endgroup::
[2026-08-06T09:35:43.364+0000] {subprocess.py:63} INFO - Tmp dir root location: /tmp
[2026-08-06T09:35:43.365+0000] {subprocess.py:75} INFO - Running command: ['/usr/bin/bash', '-c', 'dbt run --project-dir /opt/***/dbt --profiles-dir /opt/***/dbt --target docker']
[2026-08-06T09:35:43.382+0000] {subprocess.py:86} INFO - Output:
[2026-08-06T09:35:47.587+0000] {subprocess.py:93} INFO - [0m09:35:47  Running with dbt=1.8.2
[2026-08-06T09:35:48.035+0000] {subprocess.py:93} INFO - [0m09:35:48  Registered adapter: postgres=1.8.2
[2026-08-06T09:35:48.813+0000] {subprocess.py:93} INFO - [0m09:35:48  Found 2 models, 428 macros
[2026-08-06T09:35:48.822+0000] {subprocess.py:93} INFO - [0m09:35:48
[2026-08-06T09:35:49.110+0000] {subprocess.py:93} INFO - [0m09:35:49  Concurrency: 4 threads (target='docker')
[2026-08-06T09:35:49.111+0000] {subprocess.py:93} INFO - [0m09:35:49
[2026-08-06T09:35:49.132+0000] {subprocess.py:93} INFO - [0m09:35:49  1 of 2 START sql view model public.stg_transactions ............................ [RUN]
[2026-08-06T09:35:49.332+0000] {subprocess.py:93} INFO - [0m09:35:49  1 of 2 OK created sql view model public.stg_transactions ....................... [[32mCREATE VIEW[0m in 0.19s]
[2026-08-06T09:35:49.337+0000] {subprocess.py:93} INFO - [0m09:35:49  2 of 2 START sql table model public.fraud_summary_daily ........................ [RUN]
[2026-08-06T09:35:49.476+0000] {subprocess.py:93} INFO - [0m09:35:49  2 of 2 OK created sql table model public.fraud_summary_daily ................... [[32mSELECT 261[0m in 0.14s]
[2026-08-06T09:35:49.495+0000] {subprocess.py:93} INFO - [0m09:35:49
[2026-08-06T09:35:49.496+0000] {subprocess.py:93} INFO - [0m09:35:49  Finished running 1 view model, 1 table model in 0 hours 0 minutes and 0.67 seconds (0.67s).
[2026-08-06T09:35:49.539+0000] {subprocess.py:93} INFO - [0m09:35:49
[2026-08-06T09:35:49.540+0000] {subprocess.py:93} INFO - [0m09:35:49  [32mCompleted successfully[0m
[2026-08-06T09:35:49.540+0000] {subprocess.py:93} INFO - [0m09:35:49
[2026-08-06T09:35:49.541+0000] {subprocess.py:93} INFO - [0m09:35:49  Done. PASS=2 WARN=0 ERROR=0 SKIP=0 TOTAL=2
[2026-08-06T09:35:51.593+0000] {subprocess.py:97} INFO - Command exited with return code 0
[2026-08-06T09:35:51.595+0000] {taskinstance.py:441} INFO - ::group::Post task execution logs
[2026-08-06T09:35:51.649+0000] {taskinstance.py:1206} INFO - Marking task as SUCCESS. dag_id=fraud_pipeline_dbt_orchestration, task_id=dbt_run, run_id=manual__2026-08-06T09:34:51.558038+00:00, execution_date=20260806T093451, start_date=20260806T093542, end_date=20260806T093551
[2026-08-06T09:35:51.704+0000] {local_task_job_runner.py:243} INFO - Task exited with return code 0
[2026-08-06T09:35:51.750+0000] {taskinstance.py:3503} INFO - 1 downstream tasks scheduled from follow-on schedule check
[2026-08-06T09:35:51.761+0000] {local_task_job_runner.py:222} INFO - ::endgroup::
