[2026-08-06T09:17:03.508+0000] {local_task_job_runner.py:120} INFO - ::group::Pre task execution logs
[2026-08-06T09:17:03.580+0000] {taskinstance.py:2076} INFO - Dependencies all met for dep_context=non-requeueable deps ti=<TaskInstance: fraud_pipeline_dbt_orchestration.dbt_run scheduled__2026-08-06T09:00:00+00:00 [queued]>
[2026-08-06T09:17:03.597+0000] {taskinstance.py:2076} INFO - Dependencies all met for dep_context=requeueable deps ti=<TaskInstance: fraud_pipeline_dbt_orchestration.dbt_run scheduled__2026-08-06T09:00:00+00:00 [queued]>
[2026-08-06T09:17:03.598+0000] {taskinstance.py:2306} INFO - Starting attempt 2 of 3
[2026-08-06T09:17:03.630+0000] {taskinstance.py:2330} INFO - Executing <Task(BashOperator): dbt_run> on 2026-08-06 09:00:00+00:00
[2026-08-06T09:17:03.645+0000] {standard_task_runner.py:90} INFO - Running: ['***', 'tasks', 'run', 'fraud_pipeline_dbt_orchestration', 'dbt_run', 'scheduled__2026-08-06T09:00:00+00:00', '--job-id', '24', '--raw', '--subdir', 'DAGS_FOLDER/fraud_dbt_dag.py', '--cfg-path', '/tmp/tmp0valo4_i']
[2026-08-06T09:17:03.651+0000] {standard_task_runner.py:91} INFO - Job 24: Subtask dbt_run
[2026-08-06T09:17:03.656+0000] {logging_mixin.py:188} WARNING - /home/***/.local/lib/python3.12/site-packages/***/task/task_runner/standard_task_runner.py:62 DeprecationWarning: This process (pid=1115) is multi-threaded, use of fork() may lead to deadlocks in the child.
[2026-08-06T09:17:03.657+0000] {standard_task_runner.py:64} INFO - Started process 1116 to run task
[2026-08-06T09:17:03.782+0000] {task_command.py:426} INFO - Running <TaskInstance: fraud_pipeline_dbt_orchestration.dbt_run scheduled__2026-08-06T09:00:00+00:00 [running]> on host 21877d08a1cd
[2026-08-06T09:17:04.012+0000] {taskinstance.py:2648} INFO - Exporting env vars: AIRFLOW_CTX_DAG_OWNER='given' AIRFLOW_CTX_DAG_ID='fraud_pipeline_dbt_orchestration' AIRFLOW_CTX_TASK_ID='dbt_run' AIRFLOW_CTX_EXECUTION_DATE='2026-08-06T09:00:00+00:00' AIRFLOW_CTX_TRY_NUMBER='2' AIRFLOW_CTX_DAG_RUN_ID='scheduled__2026-08-06T09:00:00+00:00'
[2026-08-06T09:17:04.014+0000] {taskinstance.py:430} INFO - ::endgroup::
[2026-08-06T09:17:04.054+0000] {subprocess.py:63} INFO - Tmp dir root location: /tmp
[2026-08-06T09:17:04.056+0000] {subprocess.py:75} INFO - Running command: ['/usr/bin/bash', '-c', 'dbt run --project-dir /opt/***/dbt --profiles-dir /opt/***/dbt --target docker']
[2026-08-06T09:17:04.073+0000] {subprocess.py:86} INFO - Output:
[2026-08-06T09:17:04.110+0000] {subprocess.py:93} INFO -   dbt-core 2.0.0-alpha.5
[2026-08-06T09:17:04.111+0000] {subprocess.py:93} INFO -    Loading profiles.yml
[2026-08-06T09:17:05.184+0000] {subprocess.py:93} INFO - 
[2026-08-06T09:17:05.186+0000] {subprocess.py:93} INFO - =================== Errors and Warnings ====================
[2026-08-06T09:17:05.186+0000] {subprocess.py:93} INFO - [error] [InvalidConfig (dbt1005)]: Configuration Error: The 'postgres' adapter is not yet supported by dbt Fusion. Supported adapters: snowflake, bigquery, databricks, redshift, duckdb, salesforce, clickhouse. To use an experimental adapter, set the environment variable DBT_ALLOW_EXPERIMENTAL_ADAPTERS=true. Note that experimental adapters may be unstable and are not yet recommended for production use.
[2026-08-06T09:17:05.187+0000] {subprocess.py:93} INFO - 
[2026-08-06T09:17:05.187+0000] {subprocess.py:93} INFO - ==================== Execution Summary =====================
[2026-08-06T09:17:05.187+0000] {subprocess.py:93} INFO - Finished 'run' with 1 error for target 'docker' [1.1s]
[2026-08-06T09:17:05.189+0000] {subprocess.py:97} INFO - Command exited with return code 1
[2026-08-06T09:17:05.190+0000] {taskinstance.py:441} INFO - ::group::Post task execution logs
[2026-08-06T09:17:05.212+0000] {taskinstance.py:2905} ERROR - Task failed with exception
Traceback (most recent call last):
  File "/home/airflow/.local/lib/python3.12/site-packages/airflow/models/taskinstance.py", line 465, in _execute_task
    result = _execute_callable(context=context, **execute_callable_kwargs)
             ^^^^^^^^^^^^^^^^^^^^^^^^^^^^^^^^^^^^^^^^^^^^^^^^^^^^^^^^^^^^^
  File "/home/airflow/.local/lib/python3.12/site-packages/airflow/models/taskinstance.py", line 432, in _execute_callable
    return execute_callable(context=context, **execute_callable_kwargs)
           ^^^^^^^^^^^^^^^^^^^^^^^^^^^^^^^^^^^^^^^^^^^^^^^^^^^^^^^^^^^^
  File "/home/airflow/.local/lib/python3.12/site-packages/airflow/models/baseoperator.py", line 401, in wrapper
    return func(self, *args, **kwargs)
           ^^^^^^^^^^^^^^^^^^^^^^^^^^^
  File "/home/airflow/.local/lib/python3.12/site-packages/airflow/operators/bash.py", line 243, in execute
    raise AirflowException(
airflow.exceptions.AirflowException: Bash command failed. The command returned a non-zero exit code 1.
[2026-08-06T09:17:05.222+0000] {taskinstance.py:1206} INFO - Marking task as UP_FOR_RETRY. dag_id=fraud_pipeline_dbt_orchestration, task_id=dbt_run, run_id=scheduled__2026-08-06T09:00:00+00:00, execution_date=20260806T090000, start_date=20260806T091703, end_date=20260806T091705
[2026-08-06T09:17:05.251+0000] {standard_task_runner.py:110} ERROR - Failed to execute job 24 for task dbt_run (Bash command failed. The command returned a non-zero exit code 1.; 1116)
[2026-08-06T09:17:05.286+0000] {local_task_job_runner.py:243} INFO - Task exited with return code 1
[2026-08-06T09:17:05.334+0000] {taskinstance.py:3503} INFO - 0 downstream tasks scheduled from follow-on schedule check
[2026-08-06T09:17:05.336+0000] {local_task_job_runner.py:222} INFO - ::endgroup::
