[2026-08-06T09:36:02.648+0000] {local_task_job_runner.py:120} INFO - ::group::Pre task execution logs
[2026-08-06T09:36:02.722+0000] {taskinstance.py:2076} INFO - Dependencies all met for dep_context=non-requeueable deps ti=<TaskInstance: fraud_pipeline_dbt_orchestration.dbt_run manual__2026-08-06T09:34:54.317881+00:00 [queued]>
[2026-08-06T09:36:02.745+0000] {taskinstance.py:2076} INFO - Dependencies all met for dep_context=requeueable deps ti=<TaskInstance: fraud_pipeline_dbt_orchestration.dbt_run manual__2026-08-06T09:34:54.317881+00:00 [queued]>
[2026-08-06T09:36:02.747+0000] {taskinstance.py:2306} INFO - Starting attempt 1 of 3
[2026-08-06T09:36:02.785+0000] {taskinstance.py:2330} INFO - Executing <Task(BashOperator): dbt_run> on 2026-08-06 09:34:54.317881+00:00
[2026-08-06T09:36:02.806+0000] {standard_task_runner.py:90} INFO - Running: ['***', 'tasks', 'run', 'fraud_pipeline_dbt_orchestration', 'dbt_run', 'manual__2026-08-06T09:34:54.317881+00:00', '--job-id', '43', '--raw', '--subdir', 'DAGS_FOLDER/fraud_dbt_dag.py', '--cfg-path', '/tmp/tmpriaevvxc']
[2026-08-06T09:36:02.813+0000] {standard_task_runner.py:91} INFO - Job 43: Subtask dbt_run
[2026-08-06T09:36:02.818+0000] {logging_mixin.py:188} WARNING - /home/***/.local/lib/python3.12/site-packages/***/task/task_runner/standard_task_runner.py:62 DeprecationWarning: This process (pid=413) is multi-threaded, use of fork() may lead to deadlocks in the child.
[2026-08-06T09:36:02.819+0000] {standard_task_runner.py:64} INFO - Started process 414 to run task
[2026-08-06T09:36:02.916+0000] {task_command.py:426} INFO - Running <TaskInstance: fraud_pipeline_dbt_orchestration.dbt_run manual__2026-08-06T09:34:54.317881+00:00 [running]> on host c17a5fd5dbf1
[2026-08-06T09:36:03.083+0000] {taskinstance.py:2648} INFO - Exporting env vars: AIRFLOW_CTX_DAG_OWNER='given' AIRFLOW_CTX_DAG_ID='fraud_pipeline_dbt_orchestration' AIRFLOW_CTX_TASK_ID='dbt_run' AIRFLOW_CTX_EXECUTION_DATE='2026-08-06T09:34:54.317881+00:00' AIRFLOW_CTX_TRY_NUMBER='1' AIRFLOW_CTX_DAG_RUN_ID='manual__2026-08-06T09:34:54.317881+00:00'
[2026-08-06T09:36:03.085+0000] {taskinstance.py:430} INFO - ::endgroup::
[2026-08-06T09:36:03.106+0000] {subprocess.py:63} INFO - Tmp dir root location: /tmp
[2026-08-06T09:36:03.107+0000] {subprocess.py:75} INFO - Running command: ['/usr/bin/bash', '-c', 'dbt run --project-dir /opt/***/dbt --profiles-dir /opt/***/dbt --target docker']
[2026-08-06T09:36:03.118+0000] {subprocess.py:86} INFO - Output:
[2026-08-06T09:36:06.427+0000] {subprocess.py:93} INFO - [0m09:36:06  Running with dbt=1.8.2
[2026-08-06T09:36:06.865+0000] {subprocess.py:93} INFO - [0m09:36:06  Registered adapter: postgres=1.8.2
[2026-08-06T09:36:07.538+0000] {subprocess.py:93} INFO - [0m09:36:07  Found 2 models, 428 macros
[2026-08-06T09:36:07.542+0000] {subprocess.py:93} INFO - [0m09:36:07
[2026-08-06T09:36:07.704+0000] {subprocess.py:93} INFO - [0m09:36:07  Concurrency: 4 threads (target='docker')
[2026-08-06T09:36:07.706+0000] {subprocess.py:93} INFO - [0m09:36:07
[2026-08-06T09:36:07.723+0000] {subprocess.py:93} INFO - [0m09:36:07  1 of 2 START sql view model public.stg_transactions ............................ [RUN]
[2026-08-06T09:36:07.928+0000] {subprocess.py:93} INFO - [0m09:36:07  1 of 2 OK created sql view model public.stg_transactions ....................... [[32mCREATE VIEW[0m in 0.20s]
[2026-08-06T09:36:07.933+0000] {subprocess.py:93} INFO - [0m09:36:07  2 of 2 START sql table model public.fraud_summary_daily ........................ [RUN]
[2026-08-06T09:36:08.055+0000] {subprocess.py:93} INFO - [0m09:36:08  2 of 2 OK created sql table model public.fraud_summary_daily ................... [[32mSELECT 261[0m in 0.12s]
[2026-08-06T09:36:08.078+0000] {subprocess.py:93} INFO - [0m09:36:08
[2026-08-06T09:36:08.080+0000] {subprocess.py:93} INFO - [0m09:36:08  Finished running 1 view model, 1 table model in 0 hours 0 minutes and 0.54 seconds (0.54s).
[2026-08-06T09:36:08.124+0000] {subprocess.py:93} INFO - [0m09:36:08
[2026-08-06T09:36:08.125+0000] {subprocess.py:93} INFO - [0m09:36:08  [32mCompleted successfully[0m
[2026-08-06T09:36:08.126+0000] {subprocess.py:93} INFO - [0m09:36:08
[2026-08-06T09:36:08.127+0000] {subprocess.py:93} INFO - [0m09:36:08  Done. PASS=2 WARN=0 ERROR=0 SKIP=0 TOTAL=2
[2026-08-06T09:36:10.221+0000] {subprocess.py:97} INFO - Command exited with return code 0
[2026-08-06T09:36:10.223+0000] {taskinstance.py:441} INFO - ::group::Post task execution logs
[2026-08-06T09:36:10.288+0000] {taskinstance.py:1206} INFO - Marking task as SUCCESS. dag_id=fraud_pipeline_dbt_orchestration, task_id=dbt_run, run_id=manual__2026-08-06T09:34:54.317881+00:00, execution_date=20260806T093454, start_date=20260806T093602, end_date=20260806T093610
[2026-08-06T09:36:10.337+0000] {local_task_job_runner.py:243} INFO - Task exited with return code 0
[2026-08-06T09:36:10.378+0000] {taskinstance.py:3503} INFO - 1 downstream tasks scheduled from follow-on schedule check
[2026-08-06T09:36:10.389+0000] {local_task_job_runner.py:222} INFO - ::endgroup::
