[2026-08-06T08:38:58.679+0000] {local_task_job_runner.py:120} INFO - ::group::Pre task execution logs
[2026-08-06T08:38:58.735+0000] {taskinstance.py:2076} INFO - Dependencies all met for dep_context=non-requeueable deps ti=<TaskInstance: fraud_pipeline_dbt_orchestration.dbt_run manual__2026-08-06T08:38:56.772725+00:00 [queued]>
[2026-08-06T08:38:58.748+0000] {taskinstance.py:2076} INFO - Dependencies all met for dep_context=requeueable deps ti=<TaskInstance: fraud_pipeline_dbt_orchestration.dbt_run manual__2026-08-06T08:38:56.772725+00:00 [queued]>
[2026-08-06T08:38:58.749+0000] {taskinstance.py:2306} INFO - Starting attempt 1 of 3
[2026-08-06T08:38:58.777+0000] {taskinstance.py:2330} INFO - Executing <Task(BashOperator): dbt_run> on 2026-08-06 08:38:56.772725+00:00
[2026-08-06T08:38:58.792+0000] {standard_task_runner.py:90} INFO - Running: ['***', 'tasks', 'run', 'fraud_pipeline_dbt_orchestration', 'dbt_run', 'manual__2026-08-06T08:38:56.772725+00:00', '--job-id', '11', '--raw', '--subdir', 'DAGS_FOLDER/fraud_dbt_dag.py', '--cfg-path', '/tmp/tmpd7_1b8ry']
[2026-08-06T08:38:58.798+0000] {standard_task_runner.py:91} INFO - Job 11: Subtask dbt_run
[2026-08-06T08:38:58.803+0000] {logging_mixin.py:188} WARNING - /home/***/.local/lib/python3.12/site-packages/***/task/task_runner/standard_task_runner.py:62 DeprecationWarning: This process (pid=544) is multi-threaded, use of fork() may lead to deadlocks in the child.
[2026-08-06T08:38:58.804+0000] {standard_task_runner.py:64} INFO - Started process 545 to run task
[2026-08-06T08:38:58.908+0000] {task_command.py:426} INFO - Running <TaskInstance: fraud_pipeline_dbt_orchestration.dbt_run manual__2026-08-06T08:38:56.772725+00:00 [running]> on host 21877d08a1cd
[2026-08-06T08:38:59.147+0000] {taskinstance.py:2648} INFO - Exporting env vars: AIRFLOW_CTX_DAG_OWNER='given' AIRFLOW_CTX_DAG_ID='fraud_pipeline_dbt_orchestration' AIRFLOW_CTX_TASK_ID='dbt_run' AIRFLOW_CTX_EXECUTION_DATE='2026-08-06T08:38:56.772725+00:00' AIRFLOW_CTX_TRY_NUMBER='1' AIRFLOW_CTX_DAG_RUN_ID='manual__2026-08-06T08:38:56.772725+00:00'
[2026-08-06T08:38:59.148+0000] {taskinstance.py:430} INFO - ::endgroup::
[2026-08-06T08:38:59.172+0000] {subprocess.py:63} INFO - Tmp dir root location: /tmp
[2026-08-06T08:38:59.182+0000] {subprocess.py:75} INFO - Running command: ['/usr/bin/bash', '-c', 'dbt run --project-dir /opt/***/dbt --profiles-dir /opt/***/dbt --target docker']
[2026-08-06T08:38:59.214+0000] {subprocess.py:86} INFO - Output:
[2026-08-06T08:38:59.283+0000] {subprocess.py:93} INFO -   dbt-core 2.0.0-alpha.5
[2026-08-06T08:38:59.356+0000] {subprocess.py:93} INFO -    Loading profiles.yml
[2026-08-06T08:39:00.171+0000] {subprocess.py:93} INFO - 
[2026-08-06T08:39:00.172+0000] {subprocess.py:93} INFO - =================== Errors and Warnings ====================
[2026-08-06T08:39:00.173+0000] {subprocess.py:93} INFO - [error] [InvalidConfig (dbt1005)]: Configuration Error: The 'postgres' adapter is not yet supported by dbt Fusion. Supported adapters: snowflake, bigquery, databricks, redshift, duckdb, salesforce, clickhouse. To use an experimental adapter, set the environment variable DBT_ALLOW_EXPERIMENTAL_ADAPTERS=true. Note that experimental adapters may be unstable and are not yet recommended for production use.
[2026-08-06T08:39:00.174+0000] {subprocess.py:93} INFO - 
[2026-08-06T08:39:00.175+0000] {subprocess.py:93} INFO - ==================== Execution Summary =====================
[2026-08-06T08:39:00.175+0000] {subprocess.py:93} INFO - Finished 'run' with 1 error for target 'docker' [889ms]
[2026-08-06T08:39:00.177+0000] {subprocess.py:97} INFO - Command exited with return code 1
[2026-08-06T08:39:00.180+0000] {taskinstance.py:441} INFO - ::group::Post task execution logs
[2026-08-06T08:39:00.207+0000] {taskinstance.py:2905} ERROR - Task failed with exception
Traceback (most recent call last):
  File "/home/airflow/.local/lib/python3.12/site-packages/airflow/models/taskinstance.py", line 465, in _execute_task
    result = _execute_callable(context=context, **execute_callable_kwargs)
             ^^^^^^^^^^^^^^^^^^^^^^^^^^^^^^^^^^^^^^^^^^^^^^^^^^^^^^^^^^^^^
  File "/home/airflow/.local/lib/python3.12/site-packages/airflow/models/taskinstance.py", line 432, in _execute_callable
    return execute_callable(context=context, **execute_callable_kwargs)
           ^^^^^^^^^^^^^^^^^^^^^^^^^^^^^^^^^^^^^^^^^^^^^^^^^^^^^^^^^^^^
  File "/home/airflow/.local/lib/python3.12/site-packages/airflow/models/baseoperator.py", line 401, in wrapper
    return func(self, *args, **kwargs)
           ^^^^^^^^^^^^^^^^^^^^^^^^^^^
  File "/home/airflow/.local/lib/python3.12/site-packages/airflow/operators/bash.py", line 243, in execute
    raise AirflowException(
airflow.exceptions.AirflowException: Bash command failed. The command returned a non-zero exit code 1.
[2026-08-06T08:39:00.231+0000] {taskinstance.py:1206} INFO - Marking task as UP_FOR_RETRY. dag_id=fraud_pipeline_dbt_orchestration, task_id=dbt_run, run_id=manual__2026-08-06T08:38:56.772725+00:00, execution_date=20260806T083856, start_date=20260806T083858, end_date=20260806T083900
[2026-08-06T08:39:00.262+0000] {standard_task_runner.py:110} ERROR - Failed to execute job 11 for task dbt_run (Bash command failed. The command returned a non-zero exit code 1.; 545)
[2026-08-06T08:39:00.311+0000] {local_task_job_runner.py:243} INFO - Task exited with return code 1
[2026-08-06T08:39:00.357+0000] {taskinstance.py:3503} INFO - 0 downstream tasks scheduled from follow-on schedule check
[2026-08-06T08:39:00.368+0000] {local_task_job_runner.py:222} INFO - ::endgroup::
