[2026-08-06T08:43:03.593+0000] {local_task_job_runner.py:120} INFO - ::group::Pre task execution logs
[2026-08-06T08:43:03.705+0000] {taskinstance.py:2076} INFO - Dependencies all met for dep_context=non-requeueable deps ti=<TaskInstance: fraud_pipeline_dbt_orchestration.dbt_run manual__2026-08-06T08:38:56.772725+00:00 [queued]>
[2026-08-06T08:43:03.740+0000] {taskinstance.py:2076} INFO - Dependencies all met for dep_context=requeueable deps ti=<TaskInstance: fraud_pipeline_dbt_orchestration.dbt_run manual__2026-08-06T08:38:56.772725+00:00 [queued]>
[2026-08-06T08:43:03.741+0000] {taskinstance.py:2306} INFO - Starting attempt 3 of 3
[2026-08-06T08:43:03.809+0000] {taskinstance.py:2330} INFO - Executing <Task(BashOperator): dbt_run> on 2026-08-06 08:38:56.772725+00:00
[2026-08-06T08:43:03.835+0000] {standard_task_runner.py:90} INFO - Running: ['***', 'tasks', 'run', 'fraud_pipeline_dbt_orchestration', 'dbt_run', 'manual__2026-08-06T08:38:56.772725+00:00', '--job-id', '13', '--raw', '--subdir', 'DAGS_FOLDER/fraud_dbt_dag.py', '--cfg-path', '/tmp/tmpxtfk_nu6']
[2026-08-06T08:43:03.851+0000] {standard_task_runner.py:91} INFO - Job 13: Subtask dbt_run
[2026-08-06T08:43:03.854+0000] {logging_mixin.py:188} WARNING - /home/***/.local/lib/python3.12/site-packages/***/task/task_runner/standard_task_runner.py:62 DeprecationWarning: This process (pid=622) is multi-threaded, use of fork() may lead to deadlocks in the child.
[2026-08-06T08:43:03.860+0000] {standard_task_runner.py:64} INFO - Started process 623 to run task
[2026-08-06T08:43:04.005+0000] {task_command.py:426} INFO - Running <TaskInstance: fraud_pipeline_dbt_orchestration.dbt_run manual__2026-08-06T08:38:56.772725+00:00 [running]> on host 21877d08a1cd
[2026-08-06T08:43:04.196+0000] {taskinstance.py:2648} INFO - Exporting env vars: AIRFLOW_CTX_DAG_OWNER='given' AIRFLOW_CTX_DAG_ID='fraud_pipeline_dbt_orchestration' AIRFLOW_CTX_TASK_ID='dbt_run' AIRFLOW_CTX_EXECUTION_DATE='2026-08-06T08:38:56.772725+00:00' AIRFLOW_CTX_TRY_NUMBER='3' AIRFLOW_CTX_DAG_RUN_ID='manual__2026-08-06T08:38:56.772725+00:00'
[2026-08-06T08:43:04.198+0000] {taskinstance.py:430} INFO - ::endgroup::
[2026-08-06T08:43:04.249+0000] {subprocess.py:63} INFO - Tmp dir root location: /tmp
[2026-08-06T08:43:04.252+0000] {subprocess.py:75} INFO - Running command: ['/usr/bin/bash', '-c', 'dbt run --project-dir /opt/***/dbt --profiles-dir /opt/***/dbt --target docker']
[2026-08-06T08:43:04.281+0000] {subprocess.py:86} INFO - Output:
[2026-08-06T08:43:04.316+0000] {subprocess.py:93} INFO -   dbt-core 2.0.0-alpha.5
[2026-08-06T08:43:04.317+0000] {subprocess.py:93} INFO -    Loading profiles.yml
[2026-08-06T08:43:05.875+0000] {subprocess.py:93} INFO - 
[2026-08-06T08:43:05.876+0000] {subprocess.py:93} INFO - =================== Errors and Warnings ====================
[2026-08-06T08:43:05.877+0000] {subprocess.py:93} INFO - [error] [InvalidConfig (dbt1005)]: Configuration Error: The 'postgres' adapter is not yet supported by dbt Fusion. Supported adapters: snowflake, bigquery, databricks, redshift, duckdb, salesforce, clickhouse. To use an experimental adapter, set the environment variable DBT_ALLOW_EXPERIMENTAL_ADAPTERS=true. Note that experimental adapters may be unstable and are not yet recommended for production use.
[2026-08-06T08:43:05.877+0000] {subprocess.py:93} INFO - 
[2026-08-06T08:43:05.878+0000] {subprocess.py:93} INFO - ==================== Execution Summary =====================
[2026-08-06T08:43:05.878+0000] {subprocess.py:93} INFO - Finished 'run' with 1 error for target 'docker' [1.6s]
[2026-08-06T08:43:05.881+0000] {subprocess.py:97} INFO - Command exited with return code 1
[2026-08-06T08:43:05.883+0000] {taskinstance.py:441} INFO - ::group::Post task execution logs
[2026-08-06T08:43:05.937+0000] {taskinstance.py:2905} ERROR - Task failed with exception
Traceback (most recent call last):
  File "/home/airflow/.local/lib/python3.12/site-packages/airflow/models/taskinstance.py", line 465, in _execute_task
    result = _execute_callable(context=context, **execute_callable_kwargs)
             ^^^^^^^^^^^^^^^^^^^^^^^^^^^^^^^^^^^^^^^^^^^^^^^^^^^^^^^^^^^^^
  File "/home/airflow/.local/lib/python3.12/site-packages/airflow/models/taskinstance.py", line 432, in _execute_callable
    return execute_callable(context=context, **execute_callable_kwargs)
           ^^^^^^^^^^^^^^^^^^^^^^^^^^^^^^^^^^^^^^^^^^^^^^^^^^^^^^^^^^^^
  File "/home/airflow/.local/lib/python3.12/site-packages/airflow/models/baseoperator.py", line 401, in wrapper
    return func(self, *args, **kwargs)
           ^^^^^^^^^^^^^^^^^^^^^^^^^^^
  File "/home/airflow/.local/lib/python3.12/site-packages/airflow/operators/bash.py", line 243, in execute
    raise AirflowException(
airflow.exceptions.AirflowException: Bash command failed. The command returned a non-zero exit code 1.
[2026-08-06T08:43:05.956+0000] {taskinstance.py:1206} INFO - Marking task as FAILED. dag_id=fraud_pipeline_dbt_orchestration, task_id=dbt_run, run_id=manual__2026-08-06T08:38:56.772725+00:00, execution_date=20260806T083856, start_date=20260806T084303, end_date=20260806T084305
[2026-08-06T08:43:05.987+0000] {standard_task_runner.py:110} ERROR - Failed to execute job 13 for task dbt_run (Bash command failed. The command returned a non-zero exit code 1.; 623)
[2026-08-06T08:43:06.020+0000] {local_task_job_runner.py:243} INFO - Task exited with return code 1
[2026-08-06T08:43:06.078+0000] {taskinstance.py:3503} INFO - 0 downstream tasks scheduled from follow-on schedule check
[2026-08-06T08:43:06.096+0000] {local_task_job_runner.py:222} INFO - ::endgroup::
