[2026-08-06T08:32:04.617+0000] {local_task_job_runner.py:120} INFO - ::group::Pre task execution logs
[2026-08-06T08:32:04.708+0000] {taskinstance.py:2076} INFO - Dependencies all met for dep_context=non-requeueable deps ti=<TaskInstance: fraud_pipeline_dbt_orchestration.dbt_run scheduled__2026-08-06T08:15:00+00:00 [queued]>
[2026-08-06T08:32:04.733+0000] {taskinstance.py:2076} INFO - Dependencies all met for dep_context=requeueable deps ti=<TaskInstance: fraud_pipeline_dbt_orchestration.dbt_run scheduled__2026-08-06T08:15:00+00:00 [queued]>
[2026-08-06T08:32:04.734+0000] {taskinstance.py:2306} INFO - Starting attempt 2 of 3
[2026-08-06T08:32:04.780+0000] {taskinstance.py:2330} INFO - Executing <Task(BashOperator): dbt_run> on 2026-08-06 08:15:00+00:00
[2026-08-06T08:32:04.807+0000] {standard_task_runner.py:90} INFO - Running: ['***', 'tasks', 'run', 'fraud_pipeline_dbt_orchestration', 'dbt_run', 'scheduled__2026-08-06T08:15:00+00:00', '--job-id', '8', '--raw', '--subdir', 'DAGS_FOLDER/fraud_dbt_dag.py', '--cfg-path', '/tmp/tmp_nfzywu8']
[2026-08-06T08:32:04.814+0000] {logging_mixin.py:188} WARNING - /home/***/.local/lib/python3.12/site-packages/***/task/task_runner/standard_task_runner.py:62 DeprecationWarning: This process (pid=466) is multi-threaded, use of fork() may lead to deadlocks in the child.
[2026-08-06T08:32:04.815+0000] {standard_task_runner.py:91} INFO - Job 8: Subtask dbt_run
[2026-08-06T08:32:04.815+0000] {standard_task_runner.py:64} INFO - Started process 467 to run task
[2026-08-06T08:32:04.981+0000] {task_command.py:426} INFO - Running <TaskInstance: fraud_pipeline_dbt_orchestration.dbt_run scheduled__2026-08-06T08:15:00+00:00 [running]> on host 21877d08a1cd
[2026-08-06T08:32:05.213+0000] {taskinstance.py:2648} INFO - Exporting env vars: AIRFLOW_CTX_DAG_OWNER='given' AIRFLOW_CTX_DAG_ID='fraud_pipeline_dbt_orchestration' AIRFLOW_CTX_TASK_ID='dbt_run' AIRFLOW_CTX_EXECUTION_DATE='2026-08-06T08:15:00+00:00' AIRFLOW_CTX_TRY_NUMBER='2' AIRFLOW_CTX_DAG_RUN_ID='scheduled__2026-08-06T08:15:00+00:00'
[2026-08-06T08:32:05.215+0000] {taskinstance.py:430} INFO - ::endgroup::
[2026-08-06T08:32:05.252+0000] {subprocess.py:63} INFO - Tmp dir root location: /tmp
[2026-08-06T08:32:05.254+0000] {subprocess.py:75} INFO - Running command: ['/usr/bin/bash', '-c', 'dbt run --project-dir /opt/***/dbt --profiles-dir /opt/***/dbt --target docker']
[2026-08-06T08:32:05.277+0000] {subprocess.py:86} INFO - Output:
[2026-08-06T08:32:05.303+0000] {subprocess.py:93} INFO - Failed to open log file for append: Permission denied (os error 13)
[2026-08-06T08:32:05.304+0000] {subprocess.py:93} INFO - 
[2026-08-06T08:32:05.305+0000] {subprocess.py:93} INFO - For more information, try ' --help'.
[2026-08-06T08:32:05.308+0000] {subprocess.py:97} INFO - Command exited with return code 1
[2026-08-06T08:32:05.310+0000] {taskinstance.py:441} INFO - ::group::Post task execution logs
[2026-08-06T08:32:05.340+0000] {taskinstance.py:2905} ERROR - Task failed with exception
Traceback (most recent call last):
  File "/home/airflow/.local/lib/python3.12/site-packages/airflow/models/taskinstance.py", line 465, in _execute_task
    result = _execute_callable(context=context, **execute_callable_kwargs)
             ^^^^^^^^^^^^^^^^^^^^^^^^^^^^^^^^^^^^^^^^^^^^^^^^^^^^^^^^^^^^^
  File "/home/airflow/.local/lib/python3.12/site-packages/airflow/models/taskinstance.py", line 432, in _execute_callable
    return execute_callable(context=context, **execute_callable_kwargs)
           ^^^^^^^^^^^^^^^^^^^^^^^^^^^^^^^^^^^^^^^^^^^^^^^^^^^^^^^^^^^^
  File "/home/airflow/.local/lib/python3.12/site-packages/airflow/models/baseoperator.py", line 401, in wrapper
    return func(self, *args, **kwargs)
           ^^^^^^^^^^^^^^^^^^^^^^^^^^^
  File "/home/airflow/.local/lib/python3.12/site-packages/airflow/operators/bash.py", line 243, in execute
    raise AirflowException(
airflow.exceptions.AirflowException: Bash command failed. The command returned a non-zero exit code 1.
[2026-08-06T08:32:05.360+0000] {taskinstance.py:1206} INFO - Marking task as UP_FOR_RETRY. dag_id=fraud_pipeline_dbt_orchestration, task_id=dbt_run, run_id=scheduled__2026-08-06T08:15:00+00:00, execution_date=20260806T081500, start_date=20260806T083204, end_date=20260806T083205
[2026-08-06T08:32:05.401+0000] {standard_task_runner.py:110} ERROR - Failed to execute job 8 for task dbt_run (Bash command failed. The command returned a non-zero exit code 1.; 467)
[2026-08-06T08:32:05.434+0000] {local_task_job_runner.py:243} INFO - Task exited with return code 1
[2026-08-06T08:32:05.500+0000] {taskinstance.py:3503} INFO - 0 downstream tasks scheduled from follow-on schedule check
[2026-08-06T08:32:05.525+0000] {local_task_job_runner.py:222} INFO - ::endgroup::
