[2026-08-06T08:30:03.473+0000] {local_task_job_runner.py:120} INFO - ::group::Pre task execution logs
[2026-08-06T08:30:03.564+0000] {taskinstance.py:2076} INFO - Dependencies all met for dep_context=non-requeueable deps ti=<TaskInstance: fraud_pipeline_dbt_orchestration.dbt_run scheduled__2026-08-06T08:15:00+00:00 [queued]>
[2026-08-06T08:30:03.585+0000] {taskinstance.py:2076} INFO - Dependencies all met for dep_context=requeueable deps ti=<TaskInstance: fraud_pipeline_dbt_orchestration.dbt_run scheduled__2026-08-06T08:15:00+00:00 [queued]>
[2026-08-06T08:30:03.585+0000] {taskinstance.py:2306} INFO - Starting attempt 1 of 3
[2026-08-06T08:30:03.627+0000] {taskinstance.py:2330} INFO - Executing <Task(BashOperator): dbt_run> on 2026-08-06 08:15:00+00:00
[2026-08-06T08:30:03.644+0000] {standard_task_runner.py:90} INFO - Running: ['***', 'tasks', 'run', 'fraud_pipeline_dbt_orchestration', 'dbt_run', 'scheduled__2026-08-06T08:15:00+00:00', '--job-id', '7', '--raw', '--subdir', 'DAGS_FOLDER/fraud_dbt_dag.py', '--cfg-path', '/tmp/tmp7nemjewv']
[2026-08-06T08:30:03.652+0000] {standard_task_runner.py:91} INFO - Job 7: Subtask dbt_run
[2026-08-06T08:30:03.656+0000] {logging_mixin.py:188} WARNING - /home/***/.local/lib/python3.12/site-packages/***/task/task_runner/standard_task_runner.py:62 DeprecationWarning: This process (pid=443) is multi-threaded, use of fork() may lead to deadlocks in the child.
[2026-08-06T08:30:03.658+0000] {standard_task_runner.py:64} INFO - Started process 444 to run task
[2026-08-06T08:30:03.775+0000] {task_command.py:426} INFO - Running <TaskInstance: fraud_pipeline_dbt_orchestration.dbt_run scheduled__2026-08-06T08:15:00+00:00 [running]> on host 21877d08a1cd
[2026-08-06T08:30:03.945+0000] {taskinstance.py:2648} INFO - Exporting env vars: AIRFLOW_CTX_DAG_OWNER='given' AIRFLOW_CTX_DAG_ID='fraud_pipeline_dbt_orchestration' AIRFLOW_CTX_TASK_ID='dbt_run' AIRFLOW_CTX_EXECUTION_DATE='2026-08-06T08:15:00+00:00' AIRFLOW_CTX_TRY_NUMBER='1' AIRFLOW_CTX_DAG_RUN_ID='scheduled__2026-08-06T08:15:00+00:00'
[2026-08-06T08:30:03.946+0000] {taskinstance.py:430} INFO - ::endgroup::
[2026-08-06T08:30:03.971+0000] {subprocess.py:63} INFO - Tmp dir root location: /tmp
[2026-08-06T08:30:03.972+0000] {subprocess.py:75} INFO - Running command: ['/usr/bin/bash', '-c', 'dbt run --project-dir /opt/***/dbt --profiles-dir /opt/***/dbt --target docker']
[2026-08-06T08:30:03.988+0000] {subprocess.py:86} INFO - Output:
[2026-08-06T08:30:04.063+0000] {subprocess.py:93} INFO - Failed to open log file for append: Permission denied (os error 13)
[2026-08-06T08:30:04.064+0000] {subprocess.py:93} INFO - 
[2026-08-06T08:30:04.064+0000] {subprocess.py:93} INFO - For more information, try ' --help'.
[2026-08-06T08:30:04.065+0000] {subprocess.py:97} INFO - Command exited with return code 1
[2026-08-06T08:30:04.065+0000] {taskinstance.py:441} INFO - ::group::Post task execution logs
[2026-08-06T08:30:04.086+0000] {taskinstance.py:2905} ERROR - Task failed with exception
Traceback (most recent call last):
  File "/home/airflow/.local/lib/python3.12/site-packages/airflow/models/taskinstance.py", line 465, in _execute_task
    result = _execute_callable(context=context, **execute_callable_kwargs)
             ^^^^^^^^^^^^^^^^^^^^^^^^^^^^^^^^^^^^^^^^^^^^^^^^^^^^^^^^^^^^^
  File "/home/airflow/.local/lib/python3.12/site-packages/airflow/models/taskinstance.py", line 432, in _execute_callable
    return execute_callable(context=context, **execute_callable_kwargs)
           ^^^^^^^^^^^^^^^^^^^^^^^^^^^^^^^^^^^^^^^^^^^^^^^^^^^^^^^^^^^^
  File "/home/airflow/.local/lib/python3.12/site-packages/airflow/models/baseoperator.py", line 401, in wrapper
    return func(self, *args, **kwargs)
           ^^^^^^^^^^^^^^^^^^^^^^^^^^^
  File "/home/airflow/.local/lib/python3.12/site-packages/airflow/operators/bash.py", line 243, in execute
    raise AirflowException(
airflow.exceptions.AirflowException: Bash command failed. The command returned a non-zero exit code 1.
[2026-08-06T08:30:04.092+0000] {taskinstance.py:1206} INFO - Marking task as UP_FOR_RETRY. dag_id=fraud_pipeline_dbt_orchestration, task_id=dbt_run, run_id=scheduled__2026-08-06T08:15:00+00:00, execution_date=20260806T081500, start_date=20260806T083003, end_date=20260806T083004
[2026-08-06T08:30:04.118+0000] {standard_task_runner.py:110} ERROR - Failed to execute job 7 for task dbt_run (Bash command failed. The command returned a non-zero exit code 1.; 444)
[2026-08-06T08:30:04.159+0000] {local_task_job_runner.py:243} INFO - Task exited with return code 1
[2026-08-06T08:30:04.200+0000] {local_task_job_runner.py:222} INFO - ::endgroup::
