[2026-08-06T10:15:03.276+0000] {local_task_job_runner.py:120} INFO - ::group::Pre task execution logs
[2026-08-06T10:15:03.347+0000] {taskinstance.py:2076} INFO - Dependencies all met for dep_context=non-requeueable deps ti=<TaskInstance: fraud_pipeline_dbt_orchestration.dbt_run scheduled__2026-08-06T10:00:00+00:00 [queued]>
[2026-08-06T10:15:03.370+0000] {taskinstance.py:2076} INFO - Dependencies all met for dep_context=requeueable deps ti=<TaskInstance: fraud_pipeline_dbt_orchestration.dbt_run scheduled__2026-08-06T10:00:00+00:00 [queued]>
[2026-08-06T10:15:03.371+0000] {taskinstance.py:2306} INFO - Starting attempt 1 of 3
[2026-08-06T10:15:03.413+0000] {taskinstance.py:2330} INFO - Executing <Task(BashOperator): dbt_run> on 2026-08-06 10:00:00+00:00
[2026-08-06T10:15:03.437+0000] {logging_mixin.py:188} WARNING - /home/***/.local/lib/python3.12/site-packages/***/task/task_runner/standard_task_runner.py:62 DeprecationWarning: This process (pid=919) is multi-threaded, use of fork() may lead to deadlocks in the child.
[2026-08-06T10:15:03.433+0000] {standard_task_runner.py:90} INFO - Running: ['***', 'tasks', 'run', 'fraud_pipeline_dbt_orchestration', 'dbt_run', 'scheduled__2026-08-06T10:00:00+00:00', '--job-id', '61', '--raw', '--subdir', 'DAGS_FOLDER/fraud_dbt_dag.py', '--cfg-path', '/tmp/tmpgd7fne9v']
[2026-08-06T10:15:03.441+0000] {standard_task_runner.py:64} INFO - Started process 920 to run task
[2026-08-06T10:15:03.441+0000] {standard_task_runner.py:91} INFO - Job 61: Subtask dbt_run
[2026-08-06T10:15:03.624+0000] {task_command.py:426} INFO - Running <TaskInstance: fraud_pipeline_dbt_orchestration.dbt_run scheduled__2026-08-06T10:00:00+00:00 [running]> on host c17a5fd5dbf1
[2026-08-06T10:15:03.899+0000] {taskinstance.py:2648} INFO - Exporting env vars: AIRFLOW_CTX_DAG_OWNER='given' AIRFLOW_CTX_DAG_ID='fraud_pipeline_dbt_orchestration' AIRFLOW_CTX_TASK_ID='dbt_run' AIRFLOW_CTX_EXECUTION_DATE='2026-08-06T10:00:00+00:00' AIRFLOW_CTX_TRY_NUMBER='1' AIRFLOW_CTX_DAG_RUN_ID='scheduled__2026-08-06T10:00:00+00:00'
[2026-08-06T10:15:03.908+0000] {taskinstance.py:430} INFO - ::endgroup::
[2026-08-06T10:15:03.975+0000] {subprocess.py:63} INFO - Tmp dir root location: /tmp
[2026-08-06T10:15:03.978+0000] {subprocess.py:75} INFO - Running command: ['/usr/bin/bash', '-c', 'dbt run --project-dir /opt/***/dbt --profiles-dir /opt/***/dbt --target docker']
[2026-08-06T10:15:03.999+0000] {subprocess.py:86} INFO - Output:
[2026-08-06T10:15:08.574+0000] {subprocess.py:93} INFO - [0m10:15:08  Running with dbt=1.8.2
[2026-08-06T10:15:08.963+0000] {subprocess.py:93} INFO - [0m10:15:08  Registered adapter: postgres=1.8.2
[2026-08-06T10:15:09.741+0000] {subprocess.py:93} INFO - [0m10:15:09  Found 2 models, 428 macros
[2026-08-06T10:15:09.746+0000] {subprocess.py:93} INFO - [0m10:15:09
[2026-08-06T10:15:09.937+0000] {subprocess.py:93} INFO - [0m10:15:09  Concurrency: 4 threads (target='docker')
[2026-08-06T10:15:09.938+0000] {subprocess.py:93} INFO - [0m10:15:09
[2026-08-06T10:15:09.954+0000] {subprocess.py:93} INFO - [0m10:15:09  1 of 2 START sql view model public.stg_transactions ............................ [RUN]
[2026-08-06T10:15:10.191+0000] {subprocess.py:93} INFO - [0m10:15:10  1 of 2 OK created sql view model public.stg_transactions ....................... [[32mCREATE VIEW[0m in 0.23s]
[2026-08-06T10:15:10.196+0000] {subprocess.py:93} INFO - [0m10:15:10  2 of 2 START sql table model public.fraud_summary_daily ........................ [RUN]
[2026-08-06T10:15:10.323+0000] {subprocess.py:93} INFO - [0m10:15:10  2 of 2 OK created sql table model public.fraud_summary_daily ................... [[32mSELECT 250[0m in 0.12s]
[2026-08-06T10:15:10.350+0000] {subprocess.py:93} INFO - [0m10:15:10
[2026-08-06T10:15:10.351+0000] {subprocess.py:93} INFO - [0m10:15:10  Finished running 1 view model, 1 table model in 0 hours 0 minutes and 0.60 seconds (0.60s).
[2026-08-06T10:15:10.418+0000] {subprocess.py:93} INFO - [0m10:15:10
[2026-08-06T10:15:10.419+0000] {subprocess.py:93} INFO - [0m10:15:10  [32mCompleted successfully[0m
[2026-08-06T10:15:10.421+0000] {subprocess.py:93} INFO - [0m10:15:10
[2026-08-06T10:15:10.421+0000] {subprocess.py:93} INFO - [0m10:15:10  Done. PASS=2 WARN=0 ERROR=0 SKIP=0 TOTAL=2
[2026-08-06T10:15:12.595+0000] {subprocess.py:97} INFO - Command exited with return code 0
[2026-08-06T10:15:12.597+0000] {taskinstance.py:441} INFO - ::group::Post task execution logs
[2026-08-06T10:15:12.667+0000] {taskinstance.py:1206} INFO - Marking task as SUCCESS. dag_id=fraud_pipeline_dbt_orchestration, task_id=dbt_run, run_id=scheduled__2026-08-06T10:00:00+00:00, execution_date=20260806T100000, start_date=20260806T101503, end_date=20260806T101512
[2026-08-06T10:15:12.727+0000] {local_task_job_runner.py:243} INFO - Task exited with return code 0
[2026-08-06T10:15:12.772+0000] {taskinstance.py:3503} INFO - 1 downstream tasks scheduled from follow-on schedule check
[2026-08-06T10:15:12.783+0000] {local_task_job_runner.py:222} INFO - ::endgroup::
